============================================================
   Tang Dynasty, V6.2.168116
   Copyright (c) 2012-2025 Anlogic Inc.
   Executable = F:/AnlogicFpga/TD_6.2.1_Engineer_6.2.168.116/bin/run.exe
   Built at =   16:32:07 Jun 12 2025
   Run by =     pc
   Run Date =   Wed Sep 23 16:39:27 2026

   Run on =     CIRBUG
============================================================
RUN-1002 : start command "import_device ph1_35p.db -package PH1P35MDG324"
RUN-1001 : Using default speed grade: 3
ARC-1001 : Device Initialization.
ARC-1001 : ----------------------------------------------------------------
ARC-1001 :           OPTION          |          IO           |   SETTING   
ARC-1001 : ----------------------------------------------------------------
ARC-1001 :   non_jtag_persist(none)  |        35 IOs         |    gpio    
ARC-1001 :            jtag           |  P13/P15/L14/R13/T13  |  dedicate  
ARC-1001 : ----------------------------------------------------------------
RUN-1003 : finish command "import_device ph1_35p.db -package PH1P35MDG324" in  2.351064s wall, 2.093750s user + 0.078125s system = 2.171875s CPU (92.4%)

RUN-1004 : used memory is 327 MB, reserved memory is 321 MB, peak memory is 327 MB
RUN-1002 : start command "set_param flow ooc_flow on"
RUN-1002 : start command "read_verilog -file auto_created_cwc1_watcherInst.sv"
HDL-1007 : analyze verilog file auto_created_cwc1_watcherInst.sv
HDL-1007 : analyze verilog file F:\AnlogicFpga\TD_6.2.1_Engineer_6.2.168.116\ip/apm/apm_cwc/apm_cwc.sv
Copyright (c) 1998-2019 The OpenSSL Project.  All rights reserved.
This product includes software developed by the OpenSSL Project
for use in the OpenSSL Toolkit (http://www.openssl.org/)
Copyright (C) 1995-1998 Eric Young (eay@cryptsoft.com)
All rights reserved.
This product includes cryptographic software written by Eric Young (eay@cryptsoft.com)
HDL-1007 : undeclared symbol '**', assumed default net type '**' in F:\AnlogicFpga\TD_6.2.1_Engineer_6.2.168.116\ip/apm/apm_cwc/apm_cwc.sv(492)
HDL-1007 : undeclared symbol '**', assumed default net type '**' in F:\AnlogicFpga\TD_6.2.1_Engineer_6.2.168.116\ip/apm/apm_cwc/apm_cwc.sv(493)
HDL-1007 : back to file 'F:\AnlogicFpga\TD_6.2.1_Engineer_6.2.168.116\ip/apm/apm_cwc/apm_cwc.sv' in F:\AnlogicFpga\TD_6.2.1_Engineer_6.2.168.116\ip/apm/apm_cwc/apm_cwc.sv(1)
HDL-1007 : elaborate module auto_created_cwc1 in auto_created_cwc1_watcherInst.sv(1)
HDL-1007 : elaborate module ** in F:\AnlogicFpga\TD_6.2.1_Engineer_6.2.168.116\ip/apm/apm_cwc/apm_cwc.sv(3)
HDL-1007 : elaborate module ** in F:\AnlogicFpga\TD_6.2.1_Engineer_6.2.168.116\ip/apm/apm_cwc/apm_cwc.sv(212)
HDL-1007 : elaborate module ** in F:\AnlogicFpga\TD_6.2.1_Engineer_6.2.168.116\ip/apm/apm_cwc/apm_cwc.sv(573)
HDL-1007 : elaborate module ** in F:\AnlogicFpga\TD_6.2.1_Engineer_6.2.168.116\ip/apm/apm_cwc/apm_cwc.sv(629)
HDL-1007 : elaborate module ** in F:\AnlogicFpga\TD_6.2.1_Engineer_6.2.168.116\ip/apm/apm_cwc/apm_cwc.sv(788)
HDL-1007 : elaborate module ** in F:\AnlogicFpga\TD_6.2.1_Engineer_6.2.168.116\ip/apm/apm_cwc/apm_cwc.sv(1025)
HDL-1007 : elaborate module ** in F:\AnlogicFpga\TD_6.2.1_Engineer_6.2.168.116\ip/apm/apm_cwc/apm_cwc.sv(1025)
HDL-1007 : elaborate module ** in F:\AnlogicFpga\TD_6.2.1_Engineer_6.2.168.116\ip/apm/apm_cwc/apm_cwc.sv(1025)
HDL-1007 : elaborate module ** in F:\AnlogicFpga\TD_6.2.1_Engineer_6.2.168.116\ip/apm/apm_cwc/apm_cwc.sv(1025)
HDL-1007 : elaborate module ** in F:\AnlogicFpga\TD_6.2.1_Engineer_6.2.168.116\ip/apm/apm_cwc/apm_cwc.sv(1025)
HDL-1007 : elaborate module ** in F:\AnlogicFpga\TD_6.2.1_Engineer_6.2.168.116\ip/apm/apm_cwc/apm_cwc.sv(1025)
HDL-1007 : elaborate module ** in F:\AnlogicFpga\TD_6.2.1_Engineer_6.2.168.116\ip/apm/apm_cwc/apm_cwc.sv(995)
HDL-1007 : extracting RAM for identifier '**' in F:\AnlogicFpga\TD_6.2.1_Engineer_6.2.168.116\ip/apm/apm_cwc/apm_cwc.sv(1010)
HDL-1200 : Current top model is auto_created_cwc1
HDL-1100 : Inferred 1 RAMs.
RUN-1002 : start command "optimize_rtl"
RUN-1001 : Open license file F:/AnlogicFpga/TD_6.2.1_Engineer_6.2.168.116/license/Anlogic.lic
SYN-1001 : Stage 1 | Optimize RTL
SYN-1001 : Stage 1.1 | Check Design Sanity
SYN-1001 : End Stage 1.1 | Check Design Sanity; Time: 0.004530s wall, 0.015625s user + 0.000000s system = 0.015625s CPU (344.9%); Memory(MB): used = 333, reserved = 321, peak = 333;

SYN-1079 : finish stage Check Design Sanity. Total instances: 1100, Total nets: 2354.

SYN-1001 : Stage 1.2 | Initialize Design
SYN-1001 : End Stage 1.2 | Initialize Design; Time: 0.068497s wall, 0.062500s user + 0.000000s system = 0.062500s CPU (91.2%); Memory(MB): used = 334, reserved = 321, peak = 334;

SYN-1079 : finish stage Initialize Design. Total instances: 372, Total nets: 1193.

SYN-1001 : Stage 1.3 | Flatten Module
SYN-1011 : Flatten model auto_created_cwc1
SYN-1050 : Instances selected by 'keep_hierarchy':
RUN-1001 : ------------------------------------------------------------------------------------------------------------
RUN-1001 :           instance           |  keep_hierarchy  |         down_module         |         file(line)          
RUN-1001 : ------------------------------------------------------------------------------------------------------------
RUN-1001 :   wrapper_cwc_top/U_cwc_ram  |       true       | anlogic05_cwc_ram(DATA_...  | F:\AnlogicFpga\TD_6.2.1...  
RUN-1001 : ------------------------------------------------------------------------------------------------------------
SYN-1001 : End Stage 1.3 | Flatten Module; Time: 0.007770s wall, 0.000000s user + 0.000000s system = 0.000000s CPU (n/a%); Memory(MB): used = 334, reserved = 321, peak = 334;

SYN-1079 : finish stage Flatten Module. Total instances: 534, Total nets: 947.

SYN-1001 : Stage 1.4 | Uniform Instance
SYN-1001 : End Stage 1.4 | Uniform Instance; Time: 0.007568s wall, 0.015625s user + 0.000000s system = 0.015625s CPU (206.5%); Memory(MB): used = 302, reserved = 299, peak = 334;

SYN-1079 : finish stage Uniform Instance. Total instances: 467, Total nets: 880.

SYN-1001 : Stage 1.5 | Optimize Design
SYN-1032 : 871/2 useful/useless nets, 465/2 useful/useless insts
SYN-1016 : Merged 24 instances.
SYN-1016 : Merged 16 instances.
SYN-1001 : End Stage 1.5 | Optimize Design; Time: 0.152357s wall, 0.125000s user + 0.031250s system = 0.156250s CPU (102.6%); Memory(MB): used = 305, reserved = 319, peak = 334;

SYN-1079 : finish stage Optimize Design. Total instances: 653, Total nets: 759.

SYN-1001 : Stage 1.6 | Optimize Iteratively
SYN-1014 : Optimize round 1
SYN-1017 : Remove 1 const input seq instances
SYN-1015 : Optimize round 1, 96 better
SYN-1014 : Optimize round 2
SYN-1015 : Optimize round 2, 0 better
SYN-3010 : Optimized 2 DFF(s)
SYN-1014 : Optimize round 1
SYN-1015 : Optimize round 1, 0 better
SYN-1001 : End Stage 1.6 | Optimize Iteratively; Time: 0.741635s wall, 0.625000s user + 0.015625s system = 0.640625s CPU (86.4%); Memory(MB): used = 322, reserved = 318, peak = 334;

SYN-1079 : finish stage Optimize Iteratively. Total instances: 637, Total nets: 743.

SYN-1001 : Stage 1.7 | Check Design
SYN-1001 : End Stage 1.7 | Check Design; Time: 0.000201s wall, 0.000000s user + 0.000000s system = 0.000000s CPU (n/a%); Memory(MB): used = 322, reserved = 318, peak = 334;

SYN-1079 : finish stage Check Design. Total instances: 637, Total nets: 743.

SYN-1001 : End Stage 1 | Optimize RTL; Time: 0.983124s wall, 0.843750s user + 0.046875s system = 0.890625s CPU (90.6%); Memory(MB): used = 322, reserved = 318, peak = 334;

SYN-1079 : finish stage Optimize RTL. Total instances: 637, Total nets: 743.

RUN-1003 : finish command "optimize_rtl" in  1.001450s wall, 0.859375s user + 0.046875s system = 0.906250s CPU (90.5%)

RUN-1004 : used memory is 322 MB, reserved memory is 318 MB, peak memory is 334 MB
RUN-1002 : start command "map_macro"
SYN-1001 : Stage 2 | Map Reg
SYN-1001 : End Stage 2 | Map Reg; Time: 0.017471s wall, 0.015625s user + 0.000000s system = 0.015625s CPU (89.4%); Memory(MB): used = 321, reserved = 317, peak = 334;

SYN-1079 : finish stage Map Reg. Total instances: 637, Total nets: 743.

SYN-1001 : Stage 3 | Map IO
SYN-2001 : Map 0 IOs to PADs of model 'auto_created_cwc1'
SYN-1001 : End Stage 3 | Map IO; Time: 0.001004s wall, 0.000000s user + 0.000000s system = 0.000000s CPU (n/a%); Memory(MB): used = 321, reserved = 317, peak = 334;

SYN-1001 : Stage 4 | Map Macro
RUN-1002 : start command "update_pll_param -module auto_created_cwc1"
SYN-2501 : Processed 0 LOGIC_BUF instances.
SYN-2571 : Optimize after map_dsp, round 1
SYN-2571 : Optimize after map_dsp, round 1, 0 better
SYN-1001 : Throwback 5 control mux instances
SYN-2501 : Optimize round 1
SYN-1016 : Merged 3 instances.
SYN-2501 : Optimize round 1, 18 better
SYN-2501 : Optimize round 2
SYN-2501 : Optimize round 2, 0 better
SYN-2501 : Optimize round 1
SYN-2501 : Optimize round 1, 0 better
SYN-2501 : Map 10 macro adder(s)
SYN-1016 : Merged 26 instances.
SYN-1001 : End Stage 4 | Map Macro; Time: 0.479579s wall, 0.312500s user + 0.000000s system = 0.312500s CPU (65.2%); Memory(MB): used = 327, reserved = 321, peak = 334;

SYN-1079 : finish stage Map Macro. Total instances: 868, Total nets: 974.

RUN-1002 : start command "map"
SYN-1001 : Stage 5 | Map Gate
SYN-2581 : Mapping with K=6, #lut = 183 (3.54), #lev = 3 (1.44), #crit_level = 0
SYN-2551 : Post LUT mapping optimization.
SYN-2581 : Mapping with K=6, #lut = 183 (3.45), #lev = 3 (1.57), #crit_level = 0
SYN-3001 : Logic optimization opt = 0.32 sec, map = 0.03 sec, post map opt = 0.29 sec.
SYN-1001 : End Stage 5 | Map Gate; Time: 0.692516s wall, 0.593750s user + 0.015625s system = 0.609375s CPU (88.0%); Memory(MB): used = 328, reserved = 321, peak = 334;

RUN-1002 : start command "pack"
SYN-1001 : Packing model "auto_created_cwc1" ...
SYN-1001 : Stage 6 | Pack Gate
SYN-4010 : Pack lib has 43 rtl pack models with 26 top pack blocks
SYN-1014 : Optimize round 1
SYN-1015 : Optimize round 1, 0 better
SYN-4002 : Packing 267 DFF/LATCH to SEQ ...
RUN-1002 : start command "start_timer"
RUN-1002 : start command "end_timer"
SYN-4009 : Pack 0 carry chain into lslice
SYN-1001 : End Stage 6 | Pack Gate; Time: 0.088907s wall, 0.078125s user + 0.000000s system = 0.078125s CPU (87.9%); Memory(MB): used = 328, reserved = 320, peak = 334;

RUN-1002 : start command "report_qor -step gate -file gate.qor"
RUN-1002 : start command "start_timer"
-----------------------------------------------------------
| QoR metrics               |         value               |
-----------------------------------------------------------
| Timing                    |                             |
|     Setup WNS             |        16105                |
|     Setup TNS             |            0                |
|     Num of violated S-EP  |            0                |
|     Hold WNS              |          502                |
|     Hold TNS              |            0                |
|     Num of violated H-EP  |            0                |
-----------------------------------------------------------
| Utilization               |                             |
|     #registers            |          267                |
|     #luts                 |          183                |
|     #lut1                 |           14                |
|     #lut1(~A)             |           14                |
|     #slices               |            0                |
|     slices percentage     |        0.00%                |
|     #RAMs                 |            1                |
|     #DSPs                 |            0                |
|     #f7mux                |        0.00%                |
|     #MACROs               |            0                |
|     #insts in MACRO       |            0                |
-----------------------------------------------------------
| kept_net                  |                             |
|     #syn_keep             |           80                |
|     #keep_hier            |           19                |
|     #dont_touch           |            0                |
|     #mark_debug           |            0                |
|     #max_fanout_keep      |            0                |
|     #async_reg            |            0                |
-----------------------------------------------------------
| Top 10% datanet fanout#   |        12.83                |
| dff(single fanout)->dff   |           50                |
| dff(single fanout)->dram  |            0                |
-----------------------------------------------------------
| Over-quota path num*      |                             |
|     Total                 |            0                |
-----------------------------------------------------------
| Rent**                    |                             |
-----------------------------------------------------------
Note*: Over-quota path shows the over-path-level-threshold path number of each clock.
       The clock will not be shown if no path is with path level over the threshold.
       The threshold is defined as worst path_margin / 800ps.
Note**: Rent shows the rent exponent value of the modules whose rent value exceeds the threshold.
        Only modules under top are reported, and the threshold is defined as 0.7.

Logic Level Distribution
------------------------------------------------------------------
  Clock        |  Period            |  0    |  1    |  2   |  3
------------------------------------------------------------------
  DeriveClock  |  20.000ns (50MHz)  |  183  |  129  |  36  |  46
------------------------------------------------------------------
Note: The table count the worst 100000 paths, each endpoint count only one time.(394 paths analyzed)

Hierarchical Rent Exponent Report
+--------------------------------------------------------+
|Inst     |Model  |Rent     |Cell     |Pin     |Term     |
+--------------------------------------------------------+
+--------------------------------------------------------+
Note: Cell represents total number of cells inside module; Pin represents total number of pins
      which have net connection inside module; Term represents total number of PIs and POs of module.
      Rent represents the relationship between number of terms and number of cells in module.
      A module with higher rent corresponds to highly connected logic and strong connectivity with others.
Report gate stage QoR done.

SYN-1001 : The design has 12 dangling syn_keep insts.
RUN-1002 : start command "report_area -file auto_created_cwc1_gate.area"
SYN-4034 : The count of slices with lut is 0.
SYN-4035 : The count of slices with lut+ripple is 0.
RUN-1001 : standard
***Report Model: auto_created_cwc1 Device: PH1P35MDG324***

Design Statistics
#IO                        81   out of    160   50.62%
  #input                   57
  #output                  24
  #inout                    0
#lut                      183
  #lut1                    14
  #lut2                    71
  #lut3                    13
  #lut4                    22
  #lut5                    29
  #lut6                    34
#reg                      267
  #slice reg              267   out of  42432    0.63%
  #pad reg                  0

Utilization Statistics
#slice                    160   out of  21216    0.75%
  #used ram                 0
    #dram lut               0
    #shifter lut            0
  #used logic             160
    #with luts            129
    #with adder             0
    #reg only              31
#f7mux                      0   out of  10608    0.00%
#f8mux                      0   out of   5304    0.00%
#eram                       1   out of    108    0.93%
  #eram20k                  1
  #fifo20k                  0
#dsp                        0   out of     40    0.00%
#ddr_byte                   0   out of     12    0.00%
#mipi_tx                    0   out of      2    0.00%
#mipi_rx                    0   out of      2    0.00%
#pad                        0   out of    160    0.00%
#pll                        0   out of      6    0.00%
#gclk                       0   out of     32    0.00%
#lclk                       0   out of     12    0.00%
#sclk                       0   out of     48    0.00%
#mlclk                      0   out of      6    0.00%
#ioclk                      0   out of     18    0.00%

* Note! The LUT and Slice count after Optimize-Gate is not the final value, Run Optimize-place for a more realistic count.

RUN-1002 : start command "export_db -mode ooc auto_created_cwc1_ooc.db"
RUN-1001 : Exported /
RUN-1001 : Exported libs
RUN-1001 : Exported entities
RUN-1001 : Exported ports
RUN-1001 : Exported pins
RUN-1001 : Exported instances
RUN-1001 : Exported nets
RUN-1001 : Exported buses
RUN-1001 : Exported models
