#[INFO] design_integrator V2025.07 (APP main), Windows 64bit (Release), Build 167996 2025/07/10, 13:53:39 Jul 10 2025 on WIN10-204
#[INFO] Run at Sun Sep 20 13:59:15 2026
#[INFO] The Design.xml (D:/2026fpga/lab_hd_1_mipi_hdmi/td_project/al_ip/Design.xml) does not exist.
#[INFO] The Design.xml (D:/2026fpga/lab_hd_1_mipi_hdmi/td_project/camera_to_dsi_display_Runs/Design.xml) does not exist.
#[INFO] The Design.xml (D:/2026fpga/lab_hd_1_mipi_hdmi/td_project/chip_debugger/Design.xml) does not exist.
#[INFO] The Design.xml (D:/2026fpga/lab_hd_1_mipi_hdmi/td_project/log/Design.xml) does not exist.
si_select_window DesignIntegrator
si_resize_window DesignIntegrator 1920 1057
si_resize_window_central DesignIntegrator 1920 1007 Navigation 640 480  640 480
si_click_menu_item DesignIntegrator File.Open_Recent_Design.D:/2026fpga/lab_hd_1_mipi_hdmi/td_project/design_0
si_select_dialog Open_Design_ProgressDialog
#[INFO] si_open_design D:/2026fpga/lab_hd_1_mipi_hdmi/td_project/design_0
si_select_window DesignIntegrator
si_design_diagram_popup_menu design_0.DesignDiagram
si_click_menu_item popup_menu Popup.AddModule
#D:/2026fpga/lab_hd_1_mipi_hdmi/td_project/../user_source/hdl_source/video_in.v(3): INFO: analyzing included file 'D:/2026fpga/lab_hd_1_mipi_hdmi/td_project/../user_source/hdl_source/video_params.vh' (VLG-340)
#D:/2026fpga/lab_hd_1_mipi_hdmi/td_project/../user_source/hdl_source/video_in.v(3): INFO: back to file 'D:/2026fpga/lab_hd_1_mipi_hdmi/td_project/../user_source/hdl_source/video_in.v' (VLG-1332)
#D:/2026fpga/lab_hd_1_mipi_hdmi/td_project/../user_source/hdl_source/video_in.v(5): INFO: compiling module 'video_in' (VLG-004)
#D:/2026fpga/lab_hd_1_mipi_hdmi/td_project/../user_source/hdl_source/video_in.v(73): WARNING: instantiating unknown module 'w128_d512_fifo' (VLG-075)
#D:/2026fpga/lab_hd_1_mipi_hdmi/td_project/../user_source/hdl_source/video_in.v(91): WARNING: expression size 5 truncated to fit in target size 4 (VLG-221)
#D:/2026fpga/lab_hd_1_mipi_hdmi/td_project/../user_source/hdl_source/video_in.v(163): WARNING: expression size 11 truncated to fit in target size 10 (VLG-221)
#D:/2026fpga/lab_hd_1_mipi_hdmi/td_project/../user_source/hdl_source/video_in.v(201): WARNING: expression size 26 truncated to fit in target size 25 (VLG-221)
#D:/2026fpga/lab_hd_1_mipi_hdmi/td_project/../user_source/hdl_source/video_out.v(4): INFO: analyzing included file 'D:/2026fpga/lab_hd_1_mipi_hdmi/td_project/../user_source/hdl_source/video_params.vh' (VLG-340)
#D:/2026fpga/lab_hd_1_mipi_hdmi/td_project/../user_source/hdl_source/video_out.v(4): INFO: back to file 'D:/2026fpga/lab_hd_1_mipi_hdmi/td_project/../user_source/hdl_source/video_out.v' (VLG-1332)
#D:/2026fpga/lab_hd_1_mipi_hdmi/td_project/../user_source/hdl_source/video_out.v(6): INFO: compiling module 'video_out' (VLG-004)
#D:/2026fpga/lab_hd_1_mipi_hdmi/td_project/../user_source/hdl_source/video_out.v(90): WARNING: expression size 9 truncated to fit in target size 8 (VLG-221)
#D:/2026fpga/lab_hd_1_mipi_hdmi/td_project/../user_source/hdl_source/video_out.v(127): WARNING: expression size 11 truncated to fit in target size 10 (VLG-221)
#D:/2026fpga/lab_hd_1_mipi_hdmi/td_project/../user_source/hdl_source/video_out.v(150): WARNING: expression size 26 truncated to fit in target size 25 (VLG-221)
#D:/2026fpga/lab_hd_1_mipi_hdmi/td_project/../user_source/hdl_source/video_out.v(152): WARNING: expression size 26 truncated to fit in target size 25 (VLG-221)
#D:/2026fpga/lab_hd_1_mipi_hdmi/td_project/../user_source/hdl_source/video_out.v(201): WARNING: expression size 5 truncated to fit in target size 4 (VLG-221)
#D:/2026fpga/lab_hd_1_mipi_hdmi/td_project/../user_source/hdl_source/mc_to_user_interface.v(3): INFO: compiling module 'mc_to_user_interface' (VLG-004)
#D:/2026fpga/lab_hd_1_mipi_hdmi/td_project/../user_source/hdl_source/mc_to_user_interface.v(86): WARNING: instantiating unknown module 'w155_d512_fifo' (VLG-075)
#D:/2026fpga/lab_hd_1_mipi_hdmi/td_project/../user_source/hdl_source/signal_delay.v(18): INFO: compiling module 'signal_delay' (VLG-004)
#D:/2026fpga/lab_hd_1_mipi_hdmi/td_project/../user_source/hdl_source/signal_delay.v(65): WARNING: expression size 15 truncated to fit in target size 14 (VLG-221)
#D:/2026fpga/lab_hd_1_mipi_hdmi/td_project/../user_source/hdl_source/signal_delay.v(66): WARNING: expression size 15 truncated to fit in target size 14 (VLG-221)
#D:/2026fpga/lab_hd_1_mipi_hdmi/td_project/../user_source/hdl_source/signal_delay.v(88): WARNING: expression size 15 truncated to fit in target size 14 (VLG-221)
#D:/2026fpga/lab_hd_1_mipi_hdmi/td_project/../user_source/hdl_source/signal_delay.v(96): WARNING: expression size 12 truncated to fit in target size 11 (VLG-221)
#D:/2026fpga/lab_hd_1_mipi_hdmi/td_project/../user_source/hdl_source/signal_delay.v(105): WARNING: expression size 12 truncated to fit in target size 11 (VLG-221)
#D:/2026fpga/lab_hd_1_mipi_hdmi/td_project/../user_source/hdl_source/signal_delay.v(128): WARNING: instantiating unknown module 'blk_mem_gen_awb_delay_signal' (VLG-075)
#D:/2026fpga/lab_hd_1_mipi_hdmi/td_project/../user_source/hdl_source/awb.v(20): INFO: compiling module 'awb' (VLG-004)
#D:/2026fpga/lab_hd_1_mipi_hdmi/td_project/../user_source/hdl_source/awb.v(173): WARNING: instantiating unknown module 'divider' (VLG-075)
#D:/2026fpga/lab_hd_1_mipi_hdmi/td_project/../user_source/hdl_source/awb.v(338): WARNING: expression size 28 truncated to fit in target size 8 (VLG-221)
#D:/2026fpga/lab_hd_1_mipi_hdmi/td_project/../user_source/hdl_source/awb.v(342): WARNING: expression size 28 truncated to fit in target size 8 (VLG-221)
#D:/2026fpga/lab_hd_1_mipi_hdmi/td_project/../user_source/hdl_source/awb.v(346): WARNING: expression size 28 truncated to fit in target size 8 (VLG-221)
#D:/2026fpga/lab_hd_1_mipi_hdmi/td_project/../user_source/hdl_source/awb.v(350): WARNING: expression size 28 truncated to fit in target size 8 (VLG-221)
#D:/2026fpga/lab_hd_1_mipi_hdmi/td_project/../user_source/hdl_source/ph1p35_ddr/ph1p35_324_ddr_wrapper.v(83): INFO: undeclared symbol 'dhi_clk', assumed default net type 'wire' (VLG-1573)
#D:/2026fpga/lab_hd_1_mipi_hdmi/td_project/../user_source/hdl_source/ph1p35_ddr/ph1p35_324_ddr_wrapper.v(2): INFO: compiling module 'ph1p35_324_ddr_wrapper' (VLG-004)
#D:/2026fpga/lab_hd_1_mipi_hdmi/td_project/../user_source/hdl_source/ph1p35_ddr/ph1p35_324_ddr_wrapper.v(118): WARNING: instantiating unknown module 'ddr2' (VLG-075)
#D:/2026fpga/lab_hd_1_mipi_hdmi/td_project/../user_source/hdl_source/isp/csi_unpacket_2lane.v(36): INFO: compiling module 'csi_unpacket_2lane' (VLG-004)
#D:/2026fpga/lab_hd_1_mipi_hdmi/td_project/../user_source/hdl_source/isp/csi_unpacket_2lane.v(120): WARNING: expression size 17 truncated to fit in target size 16 (VLG-221)
#D:/2026fpga/lab_hd_1_mipi_hdmi/td_project/../user_source/hdl_source/isp/csi_unpacket_2lane.v(129): WARNING: expression size 32 truncated to fit in target size 1 (VLG-221)
#D:/2026fpga/lab_hd_1_mipi_hdmi/td_project/../user_source/hdl_source/isp/isp_top.v(1): INFO: analyzing included file 'D:/2026fpga/lab_hd_1_mipi_hdmi/td_project/../user_source/hdl_source/isp/../video_params.vh' (VLG-340)
#D:/2026fpga/lab_hd_1_mipi_hdmi/td_project/../user_source/hdl_source/isp/isp_top.v(1): INFO: back to file 'D:/2026fpga/lab_hd_1_mipi_hdmi/td_project/../user_source/hdl_source/isp/isp_top.v' (VLG-1332)
#D:/2026fpga/lab_hd_1_mipi_hdmi/td_project/../user_source/hdl_source/isp/isp_top.v(3): INFO: compiling module 'isp_top' (VLG-004)
#D:/2026fpga/lab_hd_1_mipi_hdmi/td_project/../user_source/hdl_source/isp/isp_top.v(77): WARNING: instantiating unknown module 'demosaic' (VLG-075)
#D:/2026fpga/lab_hd_1_mipi_hdmi/td_project/../user_source/hdl_source/isp/isp_top.v(82): WARNING: instantiating unknown module 'data128_96' (VLG-075)
#D:/2026fpga/lab_hd_1_mipi_hdmi/td_project/../user_source/hdl_source/awb.v(20): INFO: compiling module 'awb(IMG_HEIGHT=1944,IMG_WIDTH=2592)' (VLG-004)
#D:/2026fpga/lab_hd_1_mipi_hdmi/td_project/../user_source/hdl_source/signal_delay.v(18): INFO: compiling module 'signal_delay(IMG_HEIGHT=1944,IMG_WIDTH=2592)' (VLG-004)
#D:/2026fpga/lab_hd_1_mipi_hdmi/td_project/../user_source/hdl_source/signal_delay.v(65): WARNING: expression size 15 truncated to fit in target size 14 (VLG-221)
#D:/2026fpga/lab_hd_1_mipi_hdmi/td_project/../user_source/hdl_source/signal_delay.v(66): WARNING: expression size 15 truncated to fit in target size 14 (VLG-221)
#D:/2026fpga/lab_hd_1_mipi_hdmi/td_project/../user_source/hdl_source/signal_delay.v(88): WARNING: expression size 15 truncated to fit in target size 14 (VLG-221)
#D:/2026fpga/lab_hd_1_mipi_hdmi/td_project/../user_source/hdl_source/signal_delay.v(96): WARNING: expression size 12 truncated to fit in target size 11 (VLG-221)
#D:/2026fpga/lab_hd_1_mipi_hdmi/td_project/../user_source/hdl_source/signal_delay.v(105): WARNING: expression size 12 truncated to fit in target size 11 (VLG-221)
#D:/2026fpga/lab_hd_1_mipi_hdmi/td_project/../user_source/hdl_source/awb.v(338): WARNING: expression size 28 truncated to fit in target size 8 (VLG-221)
#D:/2026fpga/lab_hd_1_mipi_hdmi/td_project/../user_source/hdl_source/awb.v(342): WARNING: expression size 28 truncated to fit in target size 8 (VLG-221)
#D:/2026fpga/lab_hd_1_mipi_hdmi/td_project/../user_source/hdl_source/awb.v(346): WARNING: expression size 28 truncated to fit in target size 8 (VLG-221)
#D:/2026fpga/lab_hd_1_mipi_hdmi/td_project/../user_source/hdl_source/awb.v(350): WARNING: expression size 28 truncated to fit in target size 8 (VLG-221)
#D:/2026fpga/lab_hd_1_mipi_hdmi/td_project/../user_source/hdl_source/isp/isp_top.v(150): INFO: compiling module 'rgb96_downscale_crop(SRC_CROP_X=8)' (VLG-004)
#D:/2026fpga/lab_hd_1_mipi_hdmi/td_project/../user_source/hdl_source/isp/isp_top.v(241): WARNING: expression size 32 truncated to fit in target size 13 (VLG-221)
#D:/2026fpga/lab_hd_1_mipi_hdmi/td_project/../user_source/hdl_source/isp/isp_top.v(244): WARNING: expression size 32 truncated to fit in target size 13 (VLG-221)
#D:/2026fpga/lab_hd_1_mipi_hdmi/td_project/../user_source/hdl_source/isp/isp_top.v(247): WARNING: expression size 32 truncated to fit in target size 13 (VLG-221)
#D:/2026fpga/lab_hd_1_mipi_hdmi/td_project/../user_source/hdl_source/isp/isp_top.v(250): WARNING: expression size 32 truncated to fit in target size 13 (VLG-221)
#D:/2026fpga/lab_hd_1_mipi_hdmi/td_project/../user_source/hdl_source/isp/isp_top.v(292): WARNING: case condition never applies (VLG-178)
#D:/2026fpga/lab_hd_1_mipi_hdmi/td_project/../user_source/hdl_source/isp/isp_top.v(349): WARNING: case condition never applies (VLG-178)
#D:/2026fpga/lab_hd_1_mipi_hdmi/td_project/../user_source/hdl_source/isp/isp_top.v(350): WARNING: case condition never applies (VLG-178)
#D:/2026fpga/lab_hd_1_mipi_hdmi/td_project/../user_source/hdl_source/isp/isp_top.v(396): WARNING: expression size 3 truncated to fit in target size 2 (VLG-221)
#D:/2026fpga/lab_hd_1_mipi_hdmi/td_project/../user_source/hdl_source/isp/isp_top.v(520): WARNING: expression size 32 truncated to fit in target size 13 (VLG-221)
#D:/2026fpga/lab_hd_1_mipi_hdmi/td_project/../user_source/hdl_source/isp/isp_top.v(523): WARNING: expression size 14 truncated to fit in target size 13 (VLG-221)
#D:/2026fpga/lab_hd_1_mipi_hdmi/td_project/../user_source/hdl_source/isp/isp_top.v(135): WARNING: instantiating unknown module 'data_96bit_to_128bit' (VLG-075)
#D:/2026fpga/lab_hd_1_mipi_hdmi/td_project/../user_source/hdl_source/isp/raw10_unpacket_2lane.v(33): INFO: compiling module 'raw10_unpacket_2lane' (VLG-004)
#D:/2026fpga/lab_hd_1_mipi_hdmi/td_project/../user_source/hdl_source/isp/uial2axis.v(10): INFO: compiling module 'uial2axis' (VLG-004)
#D:/2026fpga/lab_hd_1_mipi_hdmi/td_project/../user_source/hdl_source/isp/uial2axis.v(77): WARNING: expression size 15 truncated to fit in target size 14 (VLG-221)
#D:/2026fpga/lab_hd_1_mipi_hdmi/td_project/../user_source/hdl_source/isp/demosaic_4x_2_0/bilinear_interpolation.v(22): INFO: compiling module 'bilinear_interpolation' (VLG-004)
#D:/2026fpga/lab_hd_1_mipi_hdmi/td_project/../user_source/hdl_source/isp/demosaic_4x_2_0/bilinear_interpolation.v(302): WARNING: expression size 10 truncated to fit in target size 9 (VLG-221)
#D:/2026fpga/lab_hd_1_mipi_hdmi/td_project/../user_source/hdl_source/isp/demosaic_4x_2_0/bilinear_interpolation.v(303): WARNING: expression size 10 truncated to fit in target size 9 (VLG-221)
#D:/2026fpga/lab_hd_1_mipi_hdmi/td_project/../user_source/hdl_source/isp/demosaic_4x_2_0/bilinear_interpolation.v(305): WARNING: expression size 10 truncated to fit in target size 9 (VLG-221)
#D:/2026fpga/lab_hd_1_mipi_hdmi/td_project/../user_source/hdl_source/isp/demosaic_4x_2_0/bilinear_interpolation.v(306): WARNING: expression size 10 truncated to fit in target size 9 (VLG-221)
#D:/2026fpga/lab_hd_1_mipi_hdmi/td_project/../user_source/hdl_source/isp/demosaic_4x_2_0/bilinear_interpolation.v(310): WARNING: expression size 10 truncated to fit in target size 9 (VLG-221)
#D:/2026fpga/lab_hd_1_mipi_hdmi/td_project/../user_source/hdl_source/isp/demosaic_4x_2_0/bilinear_interpolation.v(311): WARNING: expression size 10 truncated to fit in target size 9 (VLG-221)
#D:/2026fpga/lab_hd_1_mipi_hdmi/td_project/../user_source/hdl_source/isp/demosaic_4x_2_0/bilinear_interpolation.v(313): WARNING: expression size 10 truncated to fit in target size 9 (VLG-221)
#D:/2026fpga/lab_hd_1_mipi_hdmi/td_project/../user_source/hdl_source/isp/demosaic_4x_2_0/bilinear_interpolation.v(314): WARNING: expression size 10 truncated to fit in target size 9 (VLG-221)
#D:/2026fpga/lab_hd_1_mipi_hdmi/td_project/../user_source/hdl_source/isp/demosaic_4x_2_0/demosaic.v(89): WARNING: /* is inside a comment (VLG-061)
#D:/2026fpga/lab_hd_1_mipi_hdmi/td_project/../user_source/hdl_source/isp/demosaic_4x_2_0/demosaic.v(100): WARNING: /* is inside a comment (VLG-061)
#D:/2026fpga/lab_hd_1_mipi_hdmi/td_project/../user_source/hdl_source/isp/demosaic_4x_2_0/demosaic.v(20): INFO: compiling module 'demosaic' (VLG-004)
#D:/2026fpga/lab_hd_1_mipi_hdmi/td_project/../user_source/hdl_source/isp/demosaic_4x_2_0/demosaic.v(80): WARNING: instantiating unknown module 'raw_matrix_3x3_buffer' (VLG-075)
#D:/2026fpga/lab_hd_1_mipi_hdmi/td_project/../user_source/hdl_source/isp/demosaic_4x_2_0/line_buffer_demosaic.v(20): INFO: compiling module 'line_buffer_demosaic' (VLG-004)
#D:/2026fpga/lab_hd_1_mipi_hdmi/td_project/../user_source/hdl_source/isp/demosaic_4x_2_0/line_buffer_demosaic.v(62): WARNING: expression size 12 truncated to fit in target size 11 (VLG-221)
#D:/2026fpga/lab_hd_1_mipi_hdmi/td_project/../user_source/hdl_source/isp/demosaic_4x_2_0/line_buffer_demosaic.v(87): WARNING: expression size 12 truncated to fit in target size 11 (VLG-221)
#D:/2026fpga/lab_hd_1_mipi_hdmi/td_project/../user_source/hdl_source/isp/demosaic_4x_2_0/line_buffer_demosaic.v(106): WARNING: instantiating unknown module 'blk_mem_gen_demosaic' (VLG-075)
#D:/2026fpga/lab_hd_1_mipi_hdmi/td_project/../user_source/hdl_source/isp/demosaic_4x_2_0/mipi_to_raw_converter.v(20): INFO: compiling module 'mipi_to_raw_converter' (VLG-004)
#D:/2026fpga/lab_hd_1_mipi_hdmi/td_project/../user_source/hdl_source/isp/demosaic_4x_2_0/raw_matrix_3x3_buffer.v(21): INFO: compiling module 'raw_matrix_3x3_buffer' (VLG-004)
#D:/2026fpga/lab_hd_1_mipi_hdmi/td_project/../user_source/hdl_source/isp/demosaic_4x_2_0/raw_matrix_3x3_buffer.v(149): WARNING: actual bit length 32 differs from formal bit length 1 for port 'O_raw_tready' (VLG-342)
#D:/2026fpga/lab_hd_1_mipi_hdmi/td_project/../user_source/hdl_source/isp/demosaic_4x_2_0/raw_matrix_3x3_buffer.v(172): WARNING: instantiating unknown module 'zhenghe' (VLG-075)
#D:/2026fpga/lab_hd_1_mipi_hdmi/td_project/../user_source/hdl_source/isp/demosaic_4x_2_0/raw_matrix_3x3_buffer.v(282): WARNING: expression size 15 truncated to fit in target size 14 (VLG-221)
#D:/2026fpga/lab_hd_1_mipi_hdmi/td_project/../user_source/hdl_source/isp/demosaic_4x_2_0/raw_matrix_3x3_buffer.v(283): WARNING: expression size 15 truncated to fit in target size 14 (VLG-221)
#D:/2026fpga/lab_hd_1_mipi_hdmi/td_project/../user_source/hdl_source/isp/demosaic_4x_2_0/zhenghe.v(146): INFO: undeclared symbol 'rd_valid', assumed default net type 'wire' (VLG-1573)
#D:/2026fpga/lab_hd_1_mipi_hdmi/td_project/../user_source/hdl_source/isp/demosaic_4x_2_0/zhenghe.v(21): INFO: compiling module 'zhenghe' (VLG-004)
#D:/2026fpga/lab_hd_1_mipi_hdmi/td_project/../user_source/hdl_source/isp/demosaic_4x_2_0/zhenghe.v(94): WARNING: expression size 17 truncated to fit in target size 16 (VLG-221)
#D:/2026fpga/lab_hd_1_mipi_hdmi/td_project/../user_source/hdl_source/isp/demosaic_4x_2_0/zhenghe.v(110): WARNING: expression size 15 truncated to fit in target size 14 (VLG-221)
#D:/2026fpga/lab_hd_1_mipi_hdmi/td_project/../user_source/hdl_source/isp/demosaic_4x_2_0/zhenghe.v(135): WARNING: expression size 18 truncated to fit in target size 16 (VLG-221)
#D:/2026fpga/lab_hd_1_mipi_hdmi/td_project/../user_source/hdl_source/isp/demosaic_4x_2_0/zhenghe.v(141): WARNING: expression size 22 truncated to fit in target size 21 (VLG-221)
#D:/2026fpga/lab_hd_1_mipi_hdmi/td_project/../user_source/hdl_source/isp/demosaic_4x_2_0/zhenghe.v(154): WARNING: expression size 12 truncated to fit in target size 11 (VLG-221)
#D:/2026fpga/lab_hd_1_mipi_hdmi/td_project/../user_source/hdl_source/isp/demosaic_4x_2_0/zhenghe.v(164): WARNING: expression size 12 truncated to fit in target size 11 (VLG-221)
#D:/2026fpga/lab_hd_1_mipi_hdmi/td_project/../user_source/hdl_source/isp/demosaic_4x_2_0/zhenghe.v(175): WARNING: instantiating unknown module 'blk_mem_gen_zhenghe' (VLG-075)
#D:/2026fpga/lab_hd_1_mipi_hdmi/td_project/../user_source/hdl_source/isp/data128_96/data128_96.v(10): INFO: compiling module 'data128_96' (VLG-004)
#D:/2026fpga/lab_hd_1_mipi_hdmi/td_project/../user_source/hdl_source/isp/data128_96/data128_96.v(10): INFO: replacing unknown cell 'data128_96' with a valid definition (VLG-121)
#D:/2026fpga/lab_hd_1_mipi_hdmi/td_project/../user_source/hdl_source/isp/isp_top.v(82): INFO: first instantiation was done here (VLG-531)
#D:/2026fpga/lab_hd_1_mipi_hdmi/td_project/../user_source/hdl_source/isp/data96_128/data96_128.v(3): INFO: compiling module 'data_96bit_to_128bit' (VLG-004)
#D:/2026fpga/lab_hd_1_mipi_hdmi/td_project/../user_source/hdl_source/isp/data96_128/data96_128.v(38): WARNING: expression size 3 truncated to fit in target size 2 (VLG-221)
#D:/2026fpga/lab_hd_1_mipi_hdmi/td_project/../user_source/hdl_source/isp/data96_128/data96_128.v(3): INFO: replacing unknown cell 'data_96bit_to_128bit' with a valid definition (VLG-121)
#D:/2026fpga/lab_hd_1_mipi_hdmi/td_project/../user_source/hdl_source/isp/isp_top.v(135): INFO: first instantiation was done here (VLG-531)
#D:/2026fpga/lab_hd_1_mipi_hdmi/td_project/../user_source/hdl_source/image_correction.v(74): INFO: undeclared symbol 'I_raw_tready', assumed default net type 'wire' (VLG-1573)
#D:/2026fpga/lab_hd_1_mipi_hdmi/td_project/../user_source/hdl_source/image_correction.v(2): INFO: compiling module 'image_correction' (VLG-004)
#D:/2026fpga/lab_hd_1_mipi_hdmi/td_project/../user_source/hdl_source/image_correction.v(45): WARNING: expression size 9 truncated to fit in target size 8 (VLG-221)
#D:/2026fpga/lab_hd_1_mipi_hdmi/td_project/../user_source/hdl_source/image_correction.v(55): WARNING: expression size 16 truncated to fit in target size 15 (VLG-221)
#D:/2026fpga/lab_hd_1_mipi_hdmi/td_project/../user_source/hdl_source/image_correction.v(67): WARNING: expression size 16 truncated to fit in target size 15 (VLG-221)
#D:/2026fpga/lab_hd_1_mipi_hdmi/td_project/../user_source/hdl_source/uics500_cfg/SC500GainTbl.v(6): INFO: compiling module 'SC500GainTbl' (VLG-004)
#D:/2026fpga/lab_hd_1_mipi_hdmi/td_project/../user_source/hdl_source/uics500_cfg/uicfgcs500.v(141): INFO: undeclared symbol 'iic_busy', assumed default net type 'wire' (VLG-1573)
#D:/2026fpga/lab_hd_1_mipi_hdmi/td_project/../user_source/hdl_source/uics500_cfg/uicfgcs500.v(37): INFO: compiling module 'uicfgcs500' (VLG-004)
#D:/2026fpga/lab_hd_1_mipi_hdmi/td_project/../user_source/hdl_source/uics500_cfg/uicfgcs500.v(142): WARNING: instantiating unknown module 'uii2c' (VLG-075)
#D:/2026fpga/lab_hd_1_mipi_hdmi/td_project/../user_source/hdl_source/uics500_cfg/uicfgcs500.v(151): WARNING: instantiating unknown module 'uics500reg' (VLG-075)
#D:/2026fpga/lab_hd_1_mipi_hdmi/td_project/../user_source/hdl_source/uics500_cfg/uicfgcs500.v(154): WARNING: actual bit length 32 differs from formal bit length 7 for port 'I' (VLG-342)
#D:/2026fpga/lab_hd_1_mipi_hdmi/td_project/../user_source/hdl_source/uics500_cfg/uicfgcs500.v(163): WARNING: instantiating unknown module 'uics500regAE' (VLG-075)
#D:/2026fpga/lab_hd_1_mipi_hdmi/td_project/../user_source/hdl_source/uics500_cfg/uics500reg.v(35): INFO: compiling module 'uics500reg' (VLG-004)
#D:/2026fpga/lab_hd_1_mipi_hdmi/td_project/../user_source/hdl_source/uics500_cfg/uics500reg.v(35): INFO: replacing unknown cell 'uics500reg' with a valid definition (VLG-121)
#D:/2026fpga/lab_hd_1_mipi_hdmi/td_project/../user_source/hdl_source/uics500_cfg/uicfgcs500.v(151): INFO: first instantiation was done here (VLG-531)
#D:/2026fpga/lab_hd_1_mipi_hdmi/td_project/../user_source/hdl_source/uics500_cfg/uics500regAE.v(33): INFO: compiling module 'uics500regAE' (VLG-004)
#D:/2026fpga/lab_hd_1_mipi_hdmi/td_project/../user_source/hdl_source/uics500_cfg/uics500regAE.v(33): INFO: replacing unknown cell 'uics500regAE' with a valid definition (VLG-121)
#D:/2026fpga/lab_hd_1_mipi_hdmi/td_project/../user_source/hdl_source/uics500_cfg/uicfgcs500.v(163): INFO: first instantiation was done here (VLG-531)
#D:/2026fpga/lab_hd_1_mipi_hdmi/td_project/../user_source/hdl_source/uics500_cfg/uii2c.v(41): INFO: compiling module 'uii2c' (VLG-004)
#D:/2026fpga/lab_hd_1_mipi_hdmi/td_project/../user_source/hdl_source/uics500_cfg/uii2c.v(145): ERROR: part-select direction is opposite from prefix index direction (VLG-177)
#D:/2026fpga/lab_hd_1_mipi_hdmi/td_project/../user_source/hdl_source/uics500_cfg/uii2c.v(52): INFO: see declaration of 'I_wr_data' (VLG-189)
#D:/2026fpga/lab_hd_1_mipi_hdmi/td_project/../user_source/hdl_source/uics500_cfg/uii2c.v(145): WARNING: index 7 is out of range [-1:0] for 'I_wr_data' (VLG-228)
#D:/2026fpga/lab_hd_1_mipi_hdmi/td_project/../user_source/hdl_source/uics500_cfg/uii2c.v(41): INFO: module 'uii2c' remains a black box due to errors in its contents (VLG-085)
#D:/2026fpga/lab_hd_1_mipi_hdmi/td_project/../user_source/hdl_source/uiisp_beta/ae_set.v(33): INFO: compiling module 'ae_set' (VLG-004)
#D:/2026fpga/lab_hd_1_mipi_hdmi/td_project/../user_source/hdl_source/uiisp_beta/ae_set.v(72): WARNING: instantiating unknown module 'key_remove_shakes' (VLG-075)
#D:/2026fpga/lab_hd_1_mipi_hdmi/td_project/../user_source/hdl_source/hdmi_tx.v(2): INFO: analyzing included file 'D:/2026fpga/lab_hd_1_mipi_hdmi/td_project/../user_source/hdl_source/video_params.vh' (VLG-340)
#D:/2026fpga/lab_hd_1_mipi_hdmi/td_project/../user_source/hdl_source/hdmi_tx.v(2): INFO: back to file 'D:/2026fpga/lab_hd_1_mipi_hdmi/td_project/../user_source/hdl_source/hdmi_tx.v' (VLG-1332)
#D:/2026fpga/lab_hd_1_mipi_hdmi/td_project/../user_source/hdl_source/hdmi_tx.v(4): INFO: compiling module 'hdmi_tx' (VLG-004)
#D:/2026fpga/lab_hd_1_mipi_hdmi/td_project/../user_source/hdl_source/hdmi_tx.v(125): WARNING: instantiating unknown module 'I2S_receiver' (VLG-075)
#D:/2026fpga/lab_hd_1_mipi_hdmi/td_project/../user_source/hdl_source/hdmi_tx.v(139): WARNING: instantiating unknown module 'audio_arc_calculate' (VLG-075)
#D:/2026fpga/lab_hd_1_mipi_hdmi/td_project/../user_source/hdl_source/hdmi_tx.v(229): WARNING: instantiating unknown module 'hdmi_1_4b_transmitter_core_wrapper' (VLG-075)
#D:/2026fpga/lab_hd_1_mipi_hdmi/td_project/../user_source/hdl_source/hdmi_tx.v(248): WARNING: instantiating unknown module 'hdmi_phy_wrapper' (VLG-075)
#D:/2026fpga/lab_hd_1_mipi_hdmi/td_project/../user_source/hdl_source/hdmi_1_4b_transmitter_core_wrapper.enc.v(5038): WARNING: ignoring the contents of protected block (VLG-1245)
#D:/2026fpga/lab_hd_1_mipi_hdmi/td_project/../user_source/hdl_source/hdmi_1_4b_transmitter_core_wrapper.enc.v(5041): ERROR: unexpected EOF (VLG-150)
#D:/2026fpga/lab_hd_1_mipi_hdmi/td_project/../user_source/hdl_source/hdmi_phy_warpper.v(3): INFO: compiling module 'hdmi_phy_wrapper' (VLG-004)
#D:/2026fpga/lab_hd_1_mipi_hdmi/td_project/../user_source/hdl_source/hdmi_phy_warpper.v(80): WARNING: instantiating unknown module 'lane_lvds_10_1' (VLG-075)
#D:/2026fpga/lab_hd_1_mipi_hdmi/td_project/../user_source/hdl_source/lane_lvds_10_1.v(4): INFO: compiling module 'lane_lvds_10_1' (VLG-004)
#D:/2026fpga/lab_hd_1_mipi_hdmi/td_project/../user_source/hdl_source/lane_lvds_10_1.v(117): WARNING: instantiating unknown module 'EG_LOGIC_ODDR' (VLG-075)
#D:/2026fpga/lab_hd_1_mipi_hdmi/td_project/../user_source/hdl_source/vtc/uivtc.v(42): INFO: compiling module 'uivtc' (VLG-004)
#D:/2026fpga/lab_hd_1_mipi_hdmi/td_project/../user_source/hdl_source/hdmi_mixer.v(1): INFO: analyzing included file 'D:/2026fpga/lab_hd_1_mipi_hdmi/td_project/../user_source/hdl_source/video_params.vh' (VLG-340)
#D:/2026fpga/lab_hd_1_mipi_hdmi/td_project/../user_source/hdl_source/hdmi_mixer.v(1): INFO: back to file 'D:/2026fpga/lab_hd_1_mipi_hdmi/td_project/../user_source/hdl_source/hdmi_mixer.v' (VLG-1332)
#D:/2026fpga/lab_hd_1_mipi_hdmi/td_project/../user_source/hdl_source/hdmi_mixer.v(3): INFO: compiling module 'hdmi_mixer' (VLG-004)
#D:/2026fpga/lab_hd_1_mipi_hdmi/td_project/../user_source/hdl_source/I2S_receiver.v(3): INFO: compiling module 'I2S_receiver' (VLG-004)
#D:/2026fpga/lab_hd_1_mipi_hdmi/td_project/../user_source/hdl_source/I2S_receiver.v(3): INFO: replacing unknown cell 'I2S_receiver' with a valid definition (VLG-121)
#D:/2026fpga/lab_hd_1_mipi_hdmi/td_project/../user_source/hdl_source/hdmi_tx.v(125): INFO: first instantiation was done here (VLG-531)
#D:/2026fpga/lab_hd_1_mipi_hdmi/td_project/../user_source/hdl_source/audio_arc_calculate.v(4): INFO: compiling module 'audio_arc_calculate' (VLG-004)
#D:/2026fpga/lab_hd_1_mipi_hdmi/td_project/../user_source/hdl_source/audio_arc_calculate.v(34): WARNING: expression size 9 truncated to fit in target size 8 (VLG-221)
#D:/2026fpga/lab_hd_1_mipi_hdmi/td_project/../user_source/hdl_source/audio_arc_calculate.v(50): WARNING: expression size 21 truncated to fit in target size 20 (VLG-221)
#D:/2026fpga/lab_hd_1_mipi_hdmi/td_project/../user_source/hdl_source/audio_arc_calculate.v(58): WARNING: expression size 21 truncated to fit in target size 20 (VLG-221)
#D:/2026fpga/lab_hd_1_mipi_hdmi/td_project/../user_source/hdl_source/key_remove_shakes.v(12): INFO: compiling module 'key_remove_shakes' (VLG-004)
#D:/2026fpga/lab_hd_1_mipi_hdmi/td_project/../user_source/hdl_source/key_remove_shakes.v(12): INFO: replacing unknown cell 'key_remove_shakes' with a valid definition (VLG-121)
#D:/2026fpga/lab_hd_1_mipi_hdmi/td_project/../user_source/hdl_source/uiisp_beta/ae_set.v(72): INFO: first instantiation was done here (VLG-531)
#D:/2026fpga/lab_hd_1_mipi_hdmi/td_project/../user_source/hdl_source/mcu_ui_apb_regs.v(4): INFO: compiling module 'mcu_ui_apb_regs' (VLG-004)
#D:/2026fpga/lab_hd_1_mipi_hdmi/td_project/../user_source/hdl_source/ui_osd.v(3): INFO: compiling module 'ui_osd' (VLG-004)
#D:/2026fpga/lab_hd_1_mipi_hdmi/td_project/../user_source/hdl_source/ui_osd.v(106): WARNING: expression size 29 truncated to fit in target size 4 (VLG-221)
#D:/2026fpga/lab_hd_1_mipi_hdmi/td_project/../user_source/hdl_source/ui_osd.v(106): WARNING: expression size 32 truncated to fit in target size 3 (VLG-221)
#D:/2026fpga/lab_hd_1_mipi_hdmi/td_project/../user_source/hdl_source/ui_osd.v(109): WARNING: expression size 29 truncated to fit in target size 4 (VLG-221)
#D:/2026fpga/lab_hd_1_mipi_hdmi/td_project/../user_source/hdl_source/ui_osd.v(109): WARNING: expression size 32 truncated to fit in target size 3 (VLG-221)
#D:/2026fpga/lab_hd_1_mipi_hdmi/td_project/../user_source/hdl_source/ui_osd.v(112): WARNING: expression size 29 truncated to fit in target size 4 (VLG-221)
#D:/2026fpga/lab_hd_1_mipi_hdmi/td_project/../user_source/hdl_source/ui_osd.v(112): WARNING: expression size 32 truncated to fit in target size 3 (VLG-221)
#D:/2026fpga/lab_hd_1_mipi_hdmi/td_project/../user_source/hdl_source/ui_osd.v(115): WARNING: expression size 29 truncated to fit in target size 4 (VLG-221)
#D:/2026fpga/lab_hd_1_mipi_hdmi/td_project/../user_source/hdl_source/ui_osd.v(115): WARNING: expression size 32 truncated to fit in target size 3 (VLG-221)
#D:/2026fpga/lab_hd_1_mipi_hdmi/td_project/../user_source/hdl_source/ui_osd.v(118): WARNING: expression size 29 truncated to fit in target size 4 (VLG-221)
#D:/2026fpga/lab_hd_1_mipi_hdmi/td_project/../user_source/hdl_source/ui_osd.v(118): WARNING: expression size 32 truncated to fit in target size 3 (VLG-221)
#D:/2026fpga/lab_hd_1_mipi_hdmi/td_project/../user_source/hdl_source/ui_osd.v(159): WARNING: expression size 16 truncated to fit in target size 10 (VLG-221)
#D:/2026fpga/lab_hd_1_mipi_hdmi/td_project/../user_source/hdl_source/design_top_wrapper.v(3): INFO: analyzing included file 'D:/2026fpga/lab_hd_1_mipi_hdmi/td_project/../user_source/hdl_source/video_params.vh' (VLG-340)
#D:/2026fpga/lab_hd_1_mipi_hdmi/td_project/../user_source/hdl_source/design_top_wrapper.v(3): INFO: back to file 'D:/2026fpga/lab_hd_1_mipi_hdmi/td_project/../user_source/hdl_source/design_top_wrapper.v' (VLG-1332)
#D:/2026fpga/lab_hd_1_mipi_hdmi/td_project/../user_source/hdl_source/design_top_wrapper.v(780): WARNING: port 'O_csi_hs' remains unconnected for this instance (VLG-939)
#D:/2026fpga/lab_hd_1_mipi_hdmi/td_project/../user_source/hdl_source/design_top_wrapper.v(797): WARNING: port 'I_camera_black_level' is not connected on this instance (VLG-1447)
#D:/2026fpga/lab_hd_1_mipi_hdmi/td_project/../user_source/hdl_source/design_top_wrapper.v(1081): WARNING: port 'IO_ddc_sda' remains unconnected for this instance (VLG-939)
#D:/2026fpga/lab_hd_1_mipi_hdmi/td_project/../user_source/hdl_source/design_top_wrapper.v(5): INFO: compiling module 'design_top_wrapper' (VLG-004)
#D:/2026fpga/lab_hd_1_mipi_hdmi/td_project/../user_source/hdl_source/design_top_wrapper.v(609): WARNING: instantiating unknown module 'PLL' (VLG-075)
#D:/2026fpga/lab_hd_1_mipi_hdmi/td_project/../user_source/hdl_source/design_top_wrapper.v(667): WARNING: instantiating unknown module 'RISCV_F6F1D1P0_0' (VLG-075)
#D:/2026fpga/lab_hd_1_mipi_hdmi/td_project/../user_source/hdl_source/uics500_cfg/uicfgcs500.v(37): INFO: compiling module 'uicfgcs500(CLK_DIV=239)' (VLG-004)
#D:/2026fpga/lab_hd_1_mipi_hdmi/td_project/../user_source/hdl_source/uics500_cfg/uii2c.v(41): INFO: compiling module 'uii2c(WMEN_LEN=4,RMEN_LEN=1,CLK_DIV=239)' (VLG-004)
#D:/2026fpga/lab_hd_1_mipi_hdmi/td_project/../user_source/hdl_source/uics500_cfg/uicfgcs500.v(150): WARNING: actual bit length 24 differs from formal bit length 32 for port 'REG_DATA' (VLG-342)
#D:/2026fpga/lab_hd_1_mipi_hdmi/td_project/../user_source/hdl_source/uics500_cfg/uicfgcs500.v(154): WARNING: actual bit length 32 differs from formal bit length 7 for port 'I' (VLG-342)
#D:/2026fpga/lab_hd_1_mipi_hdmi/td_project/../user_source/hdl_source/uics500_cfg/uicfgcs500.v(160): WARNING: actual bit length 24 differs from formal bit length 32 for port 'REG_DATA' (VLG-342)
#D:/2026fpga/lab_hd_1_mipi_hdmi/td_project/../user_source/hdl_source/design_top_wrapper.v(758): WARNING: instantiating unknown module 'mipi_dphy_rx_ph1p_mipiio_wrapper' (VLG-075)
#D:/2026fpga/lab_hd_1_mipi_hdmi/td_project/../user_source/hdl_source/isp/uial2axis.v(10): INFO: compiling module 'uial2axis(IMG_WIDTH=2592,IMG_HEIGHT=1944,INPUT_DATA_WIDTH=40)' (VLG-004)
#D:/2026fpga/lab_hd_1_mipi_hdmi/td_project/../user_source/hdl_source/isp/uial2axis.v(77): WARNING: expression size 15 truncated to fit in target size 14 (VLG-221)
#D:/2026fpga/lab_hd_1_mipi_hdmi/td_project/../user_source/hdl_source/design_top_wrapper.v(941): WARNING: actual bit length 16 differs from formal bit length 32 for port 'O_mc_app_wdf_mask' (VLG-342)
#D:/2026fpga/lab_hd_1_mipi_hdmi/td_project/../user_source/hdl_source/vtc/uivtc.v(42): INFO: compiling module 'uivtc(H_ActiveSize=1920,H_FrameSize=2200,H_SyncStart=2008,H_SyncEnd=2052,V_FrameSize=1125,V_SyncStart=1084,V_SyncEnd=1089)' (VLG-004)
#D:/2026fpga/lab_hd_1_mipi_hdmi/td_project/../user_source/hdl_source/hdmi_mixer.v(3): INFO: compiling module 'hdmi_mixer(H_OFFSET=0,V_OFFSET=0)' (VLG-004)
#D:/2026fpga/lab_hd_1_mipi_hdmi/td_project/../user_source/hdl_source/design_top_wrapper.v(89): WARNING: net 'S_ISP_O_tready' does not have a driver (VIN-1002)
#D:/2026fpga/lab_hd_1_mipi_hdmi/td_project/../user_source/hdl_source/design_top_wrapper.v(797): WARNING: input port 'I_camera_black_level[9]' is not connected on this instance (VIN-1013)
#D:/2026fpga/lab_hd_1_mipi_hdmi/td_project/../user_source/hdl_source/design_top_wrapper.v(862): WARNING: input port 'I_tdest[9]' remains unconnected for this instance (VIN-1053)
#D:/2026fpga/lab_hd_1_mipi_hdmi/td_project/../user_source/hdl_source/mipi_dphy_rx/mipi_dphy_rx_ph1p_mipiio_wrapper.sv(4): INFO: compiling module 'mipi_dphy_rx_ph1p_mipiio_wrapper' (VLG-004)
#D:/2026fpga/lab_hd_1_mipi_hdmi/td_project/../user_source/hdl_source/mipi_dphy_rx/mipi_dphy_rx_ph1p_mipiio_wrapper.sv(77): WARNING: instantiating unknown module 'channel_aligner_wrapper' (VLG-075)
#D:/2026fpga/lab_hd_1_mipi_hdmi/td_project/../user_source/hdl_source/mipi_dphy_rx/mipi_dphy_rx_ph1p_mipiio_wrapper.sv(95): WARNING: instantiating unknown module 'byte_aligner_wrapper' (VLG-075)
#D:/2026fpga/lab_hd_1_mipi_hdmi/td_project/../user_source/hdl_source/mipi_dphy_rx/ph1p_mipiio_rx_wrapper.v(4): INFO: compiling module 'ph1p_mipiio_rx_wrapper' (VLG-004)
#D:/2026fpga/lab_hd_1_mipi_hdmi/td_project/../user_source/hdl_source/mipi_dphy_rx/ph1p_mipiio_rx_wrapper.v(136): WARNING: instantiating unknown module 'PH1P_LOGIC_BUFG' (VLG-075)
#D:/2026fpga/lab_hd_1_mipi_hdmi/td_project/../user_source/hdl_source/mipi_dphy_rx/ph1p_mipiio_rx_wrapper.v(394): WARNING: expression size 9 truncated to fit in target size 8 (VLG-221)
#D:/2026fpga/lab_hd_1_mipi_hdmi/td_project/../user_source/hdl_source/mipi_dphy_rx/ph1p_mipiio_rx_wrapper.v(414): WARNING: instantiating unknown module 'hs_detect' (VLG-075)
#D:/2026fpga/lab_hd_1_mipi_hdmi/td_project/../user_source/hdl_source/mipi_dphy_rx/ph1p_mipiio_rx_wrapper.v(535): WARNING: instantiating unknown module 'PH1P_LOGIC_DPHY_MIPI_RX' (VLG-075)
#D:/2026fpga/lab_hd_1_mipi_hdmi/td_project/../user_source/hdl_source/mipi_dphy_rx/byte_aligner.enc.v(366): WARNING: ignoring the contents of protected block (VLG-1245)
#D:/2026fpga/lab_hd_1_mipi_hdmi/td_project/../user_source/hdl_source/mipi_dphy_rx/byte_aligner.enc.v(3): INFO: compiling module 'byte_aligner' (VLG-004)
#D:/2026fpga/lab_hd_1_mipi_hdmi/td_project/../user_source/hdl_source/mipi_dphy_rx/byte_aligner_wrapper.enc.sv(121): WARNING: ignoring the contents of protected block (VLG-1245)
#D:/2026fpga/lab_hd_1_mipi_hdmi/td_project/../user_source/hdl_source/mipi_dphy_rx/channel_aligner.enc.v(133): WARNING: ignoring the contents of protected block (VLG-1245)
#D:/2026fpga/lab_hd_1_mipi_hdmi/td_project/../user_source/hdl_source/mipi_dphy_rx/byte_aligner_wrapper.enc.sv(4): INFO: compiling module 'byte_aligner_wrapper' (VLG-004)
#D:/2026fpga/lab_hd_1_mipi_hdmi/td_project/../user_source/hdl_source/mipi_dphy_rx/channel_aligner.enc.v(3): INFO: compiling module 'channel_aligner' (VLG-004)
#D:/2026fpga/lab_hd_1_mipi_hdmi/td_project/../user_source/hdl_source/mipi_dphy_rx/channel_aligner_wrapper.enc.sv(82): WARNING: ignoring the contents of protected block (VLG-1245)
#D:/2026fpga/lab_hd_1_mipi_hdmi/td_project/../user_source/hdl_source/mipi_dphy_rx/hs_detect.enc.v(113): WARNING: ignoring the contents of protected block (VLG-1245)
#D:/2026fpga/lab_hd_1_mipi_hdmi/td_project/../user_source/hdl_source/mipi_dphy_rx/channel_aligner_wrapper.enc.sv(3): INFO: compiling module 'channel_aligner_wrapper' (VLG-004)
#D:/2026fpga/lab_hd_1_mipi_hdmi/td_project/../user_source/hdl_source/mipi_dphy_rx/hs_detect.enc.v(3): INFO: compiling module 'hs_detect' (VLG-004)
#D:/2026fpga/lab_hd_1_mipi_hdmi/td_project/../user_source/hdl_source/mipi_dphy_rx/hs_detect.enc.v(3): INFO: replacing unknown cell 'hs_detect' with a valid definition (VLG-121)
#D:/2026fpga/lab_hd_1_mipi_hdmi/td_project/../user_source/hdl_source/mipi_dphy_rx/ph1p_mipiio_rx_wrapper.v(414): INFO: first instantiation was done here (VLG-531)
si_select_dialog Add_Module
si_close_popup_menu
si_select_combobox_item Add_Module AL_AddModuleDlg.ModuleType Design 1
#[INFO] The Design.xml (D:/2026fpga/lab_hd_1_mipi_hdmi/td_project/al_ip/Design.xml) does not exist.
#[INFO] The Design.xml (D:/2026fpga/lab_hd_1_mipi_hdmi/td_project/camera_to_dsi_display_Runs/Design.xml) does not exist.
#[INFO] The Design.xml (D:/2026fpga/lab_hd_1_mipi_hdmi/td_project/chip_debugger/Design.xml) does not exist.
#[INFO] The Design.xml (D:/2026fpga/lab_hd_1_mipi_hdmi/td_project/log/Design.xml) does not exist.
si_select_combobox_item Add_Module AL_AddModuleDlg.ModuleType RTL 0
#D:/2026fpga/lab_hd_1_mipi_hdmi/td_project/../user_source/hdl_source/video_in.v(3): INFO: analyzing included file 'D:/2026fpga/lab_hd_1_mipi_hdmi/td_project/../user_source/hdl_source/video_params.vh' (VLG-340)
#D:/2026fpga/lab_hd_1_mipi_hdmi/td_project/../user_source/hdl_source/video_in.v(3): INFO: back to file 'D:/2026fpga/lab_hd_1_mipi_hdmi/td_project/../user_source/hdl_source/video_in.v' (VLG-1332)
#D:/2026fpga/lab_hd_1_mipi_hdmi/td_project/../user_source/hdl_source/video_in.v(5): INFO: compiling module 'video_in' (VLG-004)
#D:/2026fpga/lab_hd_1_mipi_hdmi/td_project/../user_source/hdl_source/video_in.v(91): WARNING: expression size 5 truncated to fit in target size 4 (VLG-221)
#D:/2026fpga/lab_hd_1_mipi_hdmi/td_project/../user_source/hdl_source/video_in.v(163): WARNING: expression size 11 truncated to fit in target size 10 (VLG-221)
#D:/2026fpga/lab_hd_1_mipi_hdmi/td_project/../user_source/hdl_source/video_in.v(201): WARNING: expression size 26 truncated to fit in target size 25 (VLG-221)
#D:/2026fpga/lab_hd_1_mipi_hdmi/td_project/../user_source/hdl_source/video_in.v(5): INFO: replacing existing cell 'video_in' (VLG-120)
#D:/2026fpga/lab_hd_1_mipi_hdmi/td_project/../user_source/hdl_source/video_out.v(4): INFO: analyzing included file 'D:/2026fpga/lab_hd_1_mipi_hdmi/td_project/../user_source/hdl_source/video_params.vh' (VLG-340)
#D:/2026fpga/lab_hd_1_mipi_hdmi/td_project/../user_source/hdl_source/video_out.v(4): INFO: back to file 'D:/2026fpga/lab_hd_1_mipi_hdmi/td_project/../user_source/hdl_source/video_out.v' (VLG-1332)
#D:/2026fpga/lab_hd_1_mipi_hdmi/td_project/../user_source/hdl_source/video_out.v(6): INFO: compiling module 'video_out' (VLG-004)
#D:/2026fpga/lab_hd_1_mipi_hdmi/td_project/../user_source/hdl_source/video_out.v(90): WARNING: expression size 9 truncated to fit in target size 8 (VLG-221)
#D:/2026fpga/lab_hd_1_mipi_hdmi/td_project/../user_source/hdl_source/video_out.v(127): WARNING: expression size 11 truncated to fit in target size 10 (VLG-221)
#D:/2026fpga/lab_hd_1_mipi_hdmi/td_project/../user_source/hdl_source/video_out.v(150): WARNING: expression size 26 truncated to fit in target size 25 (VLG-221)
#D:/2026fpga/lab_hd_1_mipi_hdmi/td_project/../user_source/hdl_source/video_out.v(152): WARNING: expression size 26 truncated to fit in target size 25 (VLG-221)
#D:/2026fpga/lab_hd_1_mipi_hdmi/td_project/../user_source/hdl_source/video_out.v(201): WARNING: expression size 5 truncated to fit in target size 4 (VLG-221)
#D:/2026fpga/lab_hd_1_mipi_hdmi/td_project/../user_source/hdl_source/video_out.v(6): INFO: replacing existing cell 'video_out' (VLG-120)
#D:/2026fpga/lab_hd_1_mipi_hdmi/td_project/../user_source/hdl_source/mc_to_user_interface.v(3): INFO: compiling module 'mc_to_user_interface' (VLG-004)
#D:/2026fpga/lab_hd_1_mipi_hdmi/td_project/../user_source/hdl_source/mc_to_user_interface.v(3): INFO: replacing existing cell 'mc_to_user_interface' (VLG-120)
#D:/2026fpga/lab_hd_1_mipi_hdmi/td_project/../user_source/hdl_source/signal_delay.v(18): INFO: compiling module 'signal_delay' (VLG-004)
#D:/2026fpga/lab_hd_1_mipi_hdmi/td_project/../user_source/hdl_source/signal_delay.v(65): WARNING: expression size 15 truncated to fit in target size 14 (VLG-221)
#D:/2026fpga/lab_hd_1_mipi_hdmi/td_project/../user_source/hdl_source/signal_delay.v(66): WARNING: expression size 15 truncated to fit in target size 14 (VLG-221)
#D:/2026fpga/lab_hd_1_mipi_hdmi/td_project/../user_source/hdl_source/signal_delay.v(88): WARNING: expression size 15 truncated to fit in target size 14 (VLG-221)
#D:/2026fpga/lab_hd_1_mipi_hdmi/td_project/../user_source/hdl_source/signal_delay.v(96): WARNING: expression size 12 truncated to fit in target size 11 (VLG-221)
#D:/2026fpga/lab_hd_1_mipi_hdmi/td_project/../user_source/hdl_source/signal_delay.v(105): WARNING: expression size 12 truncated to fit in target size 11 (VLG-221)
#D:/2026fpga/lab_hd_1_mipi_hdmi/td_project/../user_source/hdl_source/signal_delay.v(18): INFO: replacing existing cell 'signal_delay' (VLG-120)
#D:/2026fpga/lab_hd_1_mipi_hdmi/td_project/../user_source/hdl_source/awb.v(20): INFO: compiling module 'awb' (VLG-004)
#D:/2026fpga/lab_hd_1_mipi_hdmi/td_project/../user_source/hdl_source/awb.v(338): WARNING: expression size 28 truncated to fit in target size 8 (VLG-221)
#D:/2026fpga/lab_hd_1_mipi_hdmi/td_project/../user_source/hdl_source/awb.v(342): WARNING: expression size 28 truncated to fit in target size 8 (VLG-221)
#D:/2026fpga/lab_hd_1_mipi_hdmi/td_project/../user_source/hdl_source/awb.v(346): WARNING: expression size 28 truncated to fit in target size 8 (VLG-221)
#D:/2026fpga/lab_hd_1_mipi_hdmi/td_project/../user_source/hdl_source/awb.v(350): WARNING: expression size 28 truncated to fit in target size 8 (VLG-221)
#D:/2026fpga/lab_hd_1_mipi_hdmi/td_project/../user_source/hdl_source/awb.v(20): INFO: replacing existing cell 'awb' (VLG-120)
#D:/2026fpga/lab_hd_1_mipi_hdmi/td_project/../user_source/hdl_source/ph1p35_ddr/ph1p35_324_ddr_wrapper.v(83): INFO: undeclared symbol 'dhi_clk', assumed default net type 'wire' (VLG-1573)
#D:/2026fpga/lab_hd_1_mipi_hdmi/td_project/../user_source/hdl_source/ph1p35_ddr/ph1p35_324_ddr_wrapper.v(2): INFO: compiling module 'ph1p35_324_ddr_wrapper' (VLG-004)
#D:/2026fpga/lab_hd_1_mipi_hdmi/td_project/../user_source/hdl_source/ph1p35_ddr/ph1p35_324_ddr_wrapper.v(2): INFO: replacing existing cell 'ph1p35_324_ddr_wrapper' (VLG-120)
#D:/2026fpga/lab_hd_1_mipi_hdmi/td_project/../user_source/hdl_source/isp/csi_unpacket_2lane.v(36): INFO: compiling module 'csi_unpacket_2lane' (VLG-004)
#D:/2026fpga/lab_hd_1_mipi_hdmi/td_project/../user_source/hdl_source/isp/csi_unpacket_2lane.v(120): WARNING: expression size 17 truncated to fit in target size 16 (VLG-221)
#D:/2026fpga/lab_hd_1_mipi_hdmi/td_project/../user_source/hdl_source/isp/csi_unpacket_2lane.v(129): WARNING: expression size 32 truncated to fit in target size 1 (VLG-221)
#D:/2026fpga/lab_hd_1_mipi_hdmi/td_project/../user_source/hdl_source/isp/csi_unpacket_2lane.v(36): INFO: replacing existing cell 'csi_unpacket_2lane' (VLG-120)
#D:/2026fpga/lab_hd_1_mipi_hdmi/td_project/../user_source/hdl_source/isp/isp_top.v(1): INFO: analyzing included file 'D:/2026fpga/lab_hd_1_mipi_hdmi/td_project/../user_source/hdl_source/isp/../video_params.vh' (VLG-340)
#D:/2026fpga/lab_hd_1_mipi_hdmi/td_project/../user_source/hdl_source/isp/isp_top.v(1): INFO: back to file 'D:/2026fpga/lab_hd_1_mipi_hdmi/td_project/../user_source/hdl_source/isp/isp_top.v' (VLG-1332)
#D:/2026fpga/lab_hd_1_mipi_hdmi/td_project/../user_source/hdl_source/isp/isp_top.v(3): INFO: compiling module 'isp_top' (VLG-004)
#D:/2026fpga/lab_hd_1_mipi_hdmi/td_project/../user_source/hdl_source/awb.v(20): INFO: compiling module 'awb(IMG_HEIGHT=1944,IMG_WIDTH=2592)' (VLG-004)
#D:/2026fpga/lab_hd_1_mipi_hdmi/td_project/../user_source/hdl_source/signal_delay.v(18): INFO: compiling module 'signal_delay(IMG_HEIGHT=1944,IMG_WIDTH=2592)' (VLG-004)
#D:/2026fpga/lab_hd_1_mipi_hdmi/td_project/../user_source/hdl_source/signal_delay.v(65): WARNING: expression size 15 truncated to fit in target size 14 (VLG-221)
#D:/2026fpga/lab_hd_1_mipi_hdmi/td_project/../user_source/hdl_source/signal_delay.v(66): WARNING: expression size 15 truncated to fit in target size 14 (VLG-221)
#D:/2026fpga/lab_hd_1_mipi_hdmi/td_project/../user_source/hdl_source/signal_delay.v(88): WARNING: expression size 15 truncated to fit in target size 14 (VLG-221)
#D:/2026fpga/lab_hd_1_mipi_hdmi/td_project/../user_source/hdl_source/signal_delay.v(96): WARNING: expression size 12 truncated to fit in target size 11 (VLG-221)
#D:/2026fpga/lab_hd_1_mipi_hdmi/td_project/../user_source/hdl_source/signal_delay.v(105): WARNING: expression size 12 truncated to fit in target size 11 (VLG-221)
#D:/2026fpga/lab_hd_1_mipi_hdmi/td_project/../user_source/hdl_source/signal_delay.v(18): INFO: replacing existing cell 'signal_delay(IMG_HEIGHT=1944,IMG_WIDTH=2592)' (VLG-120)
#D:/2026fpga/lab_hd_1_mipi_hdmi/td_project/../user_source/hdl_source/awb.v(338): WARNING: expression size 28 truncated to fit in target size 8 (VLG-221)
#D:/2026fpga/lab_hd_1_mipi_hdmi/td_project/../user_source/hdl_source/awb.v(342): WARNING: expression size 28 truncated to fit in target size 8 (VLG-221)
#D:/2026fpga/lab_hd_1_mipi_hdmi/td_project/../user_source/hdl_source/awb.v(346): WARNING: expression size 28 truncated to fit in target size 8 (VLG-221)
#D:/2026fpga/lab_hd_1_mipi_hdmi/td_project/../user_source/hdl_source/awb.v(350): WARNING: expression size 28 truncated to fit in target size 8 (VLG-221)
#D:/2026fpga/lab_hd_1_mipi_hdmi/td_project/../user_source/hdl_source/awb.v(20): INFO: replacing existing cell 'awb(IMG_HEIGHT=1944,IMG_WIDTH=2592)' (VLG-120)
#D:/2026fpga/lab_hd_1_mipi_hdmi/td_project/../user_source/hdl_source/isp/isp_top.v(150): INFO: compiling module 'rgb96_downscale_crop(SRC_CROP_X=8)' (VLG-004)
#D:/2026fpga/lab_hd_1_mipi_hdmi/td_project/../user_source/hdl_source/isp/isp_top.v(241): WARNING: expression size 32 truncated to fit in target size 13 (VLG-221)
#D:/2026fpga/lab_hd_1_mipi_hdmi/td_project/../user_source/hdl_source/isp/isp_top.v(244): WARNING: expression size 32 truncated to fit in target size 13 (VLG-221)
#D:/2026fpga/lab_hd_1_mipi_hdmi/td_project/../user_source/hdl_source/isp/isp_top.v(247): WARNING: expression size 32 truncated to fit in target size 13 (VLG-221)
#D:/2026fpga/lab_hd_1_mipi_hdmi/td_project/../user_source/hdl_source/isp/isp_top.v(250): WARNING: expression size 32 truncated to fit in target size 13 (VLG-221)
#D:/2026fpga/lab_hd_1_mipi_hdmi/td_project/../user_source/hdl_source/isp/isp_top.v(292): WARNING: case condition never applies (VLG-178)
#D:/2026fpga/lab_hd_1_mipi_hdmi/td_project/../user_source/hdl_source/isp/isp_top.v(349): WARNING: case condition never applies (VLG-178)
#D:/2026fpga/lab_hd_1_mipi_hdmi/td_project/../user_source/hdl_source/isp/isp_top.v(350): WARNING: case condition never applies (VLG-178)
#D:/2026fpga/lab_hd_1_mipi_hdmi/td_project/../user_source/hdl_source/isp/isp_top.v(396): WARNING: expression size 3 truncated to fit in target size 2 (VLG-221)
#D:/2026fpga/lab_hd_1_mipi_hdmi/td_project/../user_source/hdl_source/isp/isp_top.v(520): WARNING: expression size 32 truncated to fit in target size 13 (VLG-221)
#D:/2026fpga/lab_hd_1_mipi_hdmi/td_project/../user_source/hdl_source/isp/isp_top.v(523): WARNING: expression size 14 truncated to fit in target size 13 (VLG-221)
#D:/2026fpga/lab_hd_1_mipi_hdmi/td_project/../user_source/hdl_source/isp/isp_top.v(150): INFO: replacing existing cell 'rgb96_downscale_crop(SRC_CROP_X=8)' (VLG-120)
#D:/2026fpga/lab_hd_1_mipi_hdmi/td_project/../user_source/hdl_source/isp/isp_top.v(3): INFO: replacing existing cell 'isp_top' (VLG-120)
#D:/2026fpga/lab_hd_1_mipi_hdmi/td_project/../user_source/hdl_source/isp/raw10_unpacket_2lane.v(33): INFO: compiling module 'raw10_unpacket_2lane' (VLG-004)
#D:/2026fpga/lab_hd_1_mipi_hdmi/td_project/../user_source/hdl_source/isp/raw10_unpacket_2lane.v(33): INFO: replacing existing cell 'raw10_unpacket_2lane' (VLG-120)
#D:/2026fpga/lab_hd_1_mipi_hdmi/td_project/../user_source/hdl_source/isp/uial2axis.v(10): INFO: compiling module 'uial2axis' (VLG-004)
#D:/2026fpga/lab_hd_1_mipi_hdmi/td_project/../user_source/hdl_source/isp/uial2axis.v(77): WARNING: expression size 15 truncated to fit in target size 14 (VLG-221)
#D:/2026fpga/lab_hd_1_mipi_hdmi/td_project/../user_source/hdl_source/isp/uial2axis.v(10): INFO: replacing existing cell 'uial2axis' (VLG-120)
#D:/2026fpga/lab_hd_1_mipi_hdmi/td_project/../user_source/hdl_source/isp/demosaic_4x_2_0/bilinear_interpolation.v(22): INFO: compiling module 'bilinear_interpolation' (VLG-004)
#D:/2026fpga/lab_hd_1_mipi_hdmi/td_project/../user_source/hdl_source/isp/demosaic_4x_2_0/bilinear_interpolation.v(302): WARNING: expression size 10 truncated to fit in target size 9 (VLG-221)
#D:/2026fpga/lab_hd_1_mipi_hdmi/td_project/../user_source/hdl_source/isp/demosaic_4x_2_0/bilinear_interpolation.v(303): WARNING: expression size 10 truncated to fit in target size 9 (VLG-221)
#D:/2026fpga/lab_hd_1_mipi_hdmi/td_project/../user_source/hdl_source/isp/demosaic_4x_2_0/bilinear_interpolation.v(305): WARNING: expression size 10 truncated to fit in target size 9 (VLG-221)
#D:/2026fpga/lab_hd_1_mipi_hdmi/td_project/../user_source/hdl_source/isp/demosaic_4x_2_0/bilinear_interpolation.v(306): WARNING: expression size 10 truncated to fit in target size 9 (VLG-221)
#D:/2026fpga/lab_hd_1_mipi_hdmi/td_project/../user_source/hdl_source/isp/demosaic_4x_2_0/bilinear_interpolation.v(310): WARNING: expression size 10 truncated to fit in target size 9 (VLG-221)
#D:/2026fpga/lab_hd_1_mipi_hdmi/td_project/../user_source/hdl_source/isp/demosaic_4x_2_0/bilinear_interpolation.v(311): WARNING: expression size 10 truncated to fit in target size 9 (VLG-221)
#D:/2026fpga/lab_hd_1_mipi_hdmi/td_project/../user_source/hdl_source/isp/demosaic_4x_2_0/bilinear_interpolation.v(313): WARNING: expression size 10 truncated to fit in target size 9 (VLG-221)
#D:/2026fpga/lab_hd_1_mipi_hdmi/td_project/../user_source/hdl_source/isp/demosaic_4x_2_0/bilinear_interpolation.v(314): WARNING: expression size 10 truncated to fit in target size 9 (VLG-221)
#D:/2026fpga/lab_hd_1_mipi_hdmi/td_project/../user_source/hdl_source/isp/demosaic_4x_2_0/bilinear_interpolation.v(22): INFO: replacing existing cell 'bilinear_interpolation' (VLG-120)
#D:/2026fpga/lab_hd_1_mipi_hdmi/td_project/../user_source/hdl_source/isp/demosaic_4x_2_0/demosaic.v(89): WARNING: /* is inside a comment (VLG-061)
#D:/2026fpga/lab_hd_1_mipi_hdmi/td_project/../user_source/hdl_source/isp/demosaic_4x_2_0/demosaic.v(100): WARNING: /* is inside a comment (VLG-061)
#D:/2026fpga/lab_hd_1_mipi_hdmi/td_project/../user_source/hdl_source/isp/demosaic_4x_2_0/demosaic.v(20): INFO: compiling module 'demosaic' (VLG-004)
#D:/2026fpga/lab_hd_1_mipi_hdmi/td_project/../user_source/hdl_source/isp/demosaic_4x_2_0/demosaic.v(20): INFO: replacing existing cell 'demosaic' (VLG-120)
#D:/2026fpga/lab_hd_1_mipi_hdmi/td_project/../user_source/hdl_source/isp/demosaic_4x_2_0/line_buffer_demosaic.v(20): INFO: compiling module 'line_buffer_demosaic' (VLG-004)
#D:/2026fpga/lab_hd_1_mipi_hdmi/td_project/../user_source/hdl_source/isp/demosaic_4x_2_0/line_buffer_demosaic.v(62): WARNING: expression size 12 truncated to fit in target size 11 (VLG-221)
#D:/2026fpga/lab_hd_1_mipi_hdmi/td_project/../user_source/hdl_source/isp/demosaic_4x_2_0/line_buffer_demosaic.v(87): WARNING: expression size 12 truncated to fit in target size 11 (VLG-221)
#D:/2026fpga/lab_hd_1_mipi_hdmi/td_project/../user_source/hdl_source/isp/demosaic_4x_2_0/line_buffer_demosaic.v(20): INFO: replacing existing cell 'line_buffer_demosaic' (VLG-120)
#D:/2026fpga/lab_hd_1_mipi_hdmi/td_project/../user_source/hdl_source/isp/demosaic_4x_2_0/mipi_to_raw_converter.v(20): INFO: compiling module 'mipi_to_raw_converter' (VLG-004)
#D:/2026fpga/lab_hd_1_mipi_hdmi/td_project/../user_source/hdl_source/isp/demosaic_4x_2_0/mipi_to_raw_converter.v(20): INFO: replacing existing cell 'mipi_to_raw_converter' (VLG-120)
#D:/2026fpga/lab_hd_1_mipi_hdmi/td_project/../user_source/hdl_source/isp/demosaic_4x_2_0/raw_matrix_3x3_buffer.v(21): INFO: compiling module 'raw_matrix_3x3_buffer' (VLG-004)
#D:/2026fpga/lab_hd_1_mipi_hdmi/td_project/../user_source/hdl_source/isp/demosaic_4x_2_0/raw_matrix_3x3_buffer.v(149): WARNING: actual bit length 32 differs from formal bit length 1 for port 'O_raw_tready' (VLG-342)
#D:/2026fpga/lab_hd_1_mipi_hdmi/td_project/../user_source/hdl_source/isp/demosaic_4x_2_0/raw_matrix_3x3_buffer.v(282): WARNING: expression size 15 truncated to fit in target size 14 (VLG-221)
#D:/2026fpga/lab_hd_1_mipi_hdmi/td_project/../user_source/hdl_source/isp/demosaic_4x_2_0/raw_matrix_3x3_buffer.v(283): WARNING: expression size 15 truncated to fit in target size 14 (VLG-221)
#D:/2026fpga/lab_hd_1_mipi_hdmi/td_project/../user_source/hdl_source/isp/demosaic_4x_2_0/raw_matrix_3x3_buffer.v(21): INFO: replacing existing cell 'raw_matrix_3x3_buffer' (VLG-120)
#D:/2026fpga/lab_hd_1_mipi_hdmi/td_project/../user_source/hdl_source/isp/demosaic_4x_2_0/zhenghe.v(146): INFO: undeclared symbol 'rd_valid', assumed default net type 'wire' (VLG-1573)
#D:/2026fpga/lab_hd_1_mipi_hdmi/td_project/../user_source/hdl_source/isp/demosaic_4x_2_0/zhenghe.v(21): INFO: compiling module 'zhenghe' (VLG-004)
#D:/2026fpga/lab_hd_1_mipi_hdmi/td_project/../user_source/hdl_source/isp/demosaic_4x_2_0/zhenghe.v(94): WARNING: expression size 17 truncated to fit in target size 16 (VLG-221)
#D:/2026fpga/lab_hd_1_mipi_hdmi/td_project/../user_source/hdl_source/isp/demosaic_4x_2_0/zhenghe.v(110): WARNING: expression size 15 truncated to fit in target size 14 (VLG-221)
#D:/2026fpga/lab_hd_1_mipi_hdmi/td_project/../user_source/hdl_source/isp/demosaic_4x_2_0/zhenghe.v(135): WARNING: expression size 18 truncated to fit in target size 16 (VLG-221)
#D:/2026fpga/lab_hd_1_mipi_hdmi/td_project/../user_source/hdl_source/isp/demosaic_4x_2_0/zhenghe.v(141): WARNING: expression size 22 truncated to fit in target size 21 (VLG-221)
#D:/2026fpga/lab_hd_1_mipi_hdmi/td_project/../user_source/hdl_source/isp/demosaic_4x_2_0/zhenghe.v(154): WARNING: expression size 12 truncated to fit in target size 11 (VLG-221)
#D:/2026fpga/lab_hd_1_mipi_hdmi/td_project/../user_source/hdl_source/isp/demosaic_4x_2_0/zhenghe.v(164): WARNING: expression size 12 truncated to fit in target size 11 (VLG-221)
#D:/2026fpga/lab_hd_1_mipi_hdmi/td_project/../user_source/hdl_source/isp/demosaic_4x_2_0/zhenghe.v(21): INFO: replacing existing cell 'zhenghe' (VLG-120)
#D:/2026fpga/lab_hd_1_mipi_hdmi/td_project/../user_source/hdl_source/isp/data128_96/data128_96.v(10): INFO: compiling module 'data128_96' (VLG-004)
#D:/2026fpga/lab_hd_1_mipi_hdmi/td_project/../user_source/hdl_source/isp/data128_96/data128_96.v(10): INFO: replacing existing cell 'data128_96' (VLG-120)
#D:/2026fpga/lab_hd_1_mipi_hdmi/td_project/../user_source/hdl_source/isp/data96_128/data96_128.v(3): INFO: compiling module 'data_96bit_to_128bit' (VLG-004)
#D:/2026fpga/lab_hd_1_mipi_hdmi/td_project/../user_source/hdl_source/isp/data96_128/data96_128.v(38): WARNING: expression size 3 truncated to fit in target size 2 (VLG-221)
#D:/2026fpga/lab_hd_1_mipi_hdmi/td_project/../user_source/hdl_source/isp/data96_128/data96_128.v(3): INFO: replacing existing cell 'data_96bit_to_128bit' (VLG-120)
#D:/2026fpga/lab_hd_1_mipi_hdmi/td_project/../user_source/hdl_source/image_correction.v(74): INFO: undeclared symbol 'I_raw_tready', assumed default net type 'wire' (VLG-1573)
#D:/2026fpga/lab_hd_1_mipi_hdmi/td_project/../user_source/hdl_source/image_correction.v(2): INFO: compiling module 'image_correction' (VLG-004)
#D:/2026fpga/lab_hd_1_mipi_hdmi/td_project/../user_source/hdl_source/image_correction.v(45): WARNING: expression size 9 truncated to fit in target size 8 (VLG-221)
#D:/2026fpga/lab_hd_1_mipi_hdmi/td_project/../user_source/hdl_source/image_correction.v(55): WARNING: expression size 16 truncated to fit in target size 15 (VLG-221)
#D:/2026fpga/lab_hd_1_mipi_hdmi/td_project/../user_source/hdl_source/image_correction.v(67): WARNING: expression size 16 truncated to fit in target size 15 (VLG-221)
#D:/2026fpga/lab_hd_1_mipi_hdmi/td_project/../user_source/hdl_source/image_correction.v(2): INFO: replacing existing cell 'image_correction' (VLG-120)
#D:/2026fpga/lab_hd_1_mipi_hdmi/td_project/../user_source/hdl_source/uics500_cfg/SC500GainTbl.v(6): INFO: compiling module 'SC500GainTbl' (VLG-004)
#D:/2026fpga/lab_hd_1_mipi_hdmi/td_project/../user_source/hdl_source/uics500_cfg/SC500GainTbl.v(6): INFO: replacing existing cell 'SC500GainTbl' (VLG-120)
#D:/2026fpga/lab_hd_1_mipi_hdmi/td_project/../user_source/hdl_source/uics500_cfg/uicfgcs500.v(141): INFO: undeclared symbol 'iic_busy', assumed default net type 'wire' (VLG-1573)
#D:/2026fpga/lab_hd_1_mipi_hdmi/td_project/../user_source/hdl_source/uics500_cfg/uicfgcs500.v(37): INFO: compiling module 'uicfgcs500' (VLG-004)
#D:/2026fpga/lab_hd_1_mipi_hdmi/td_project/../user_source/hdl_source/uics500_cfg/uicfgcs500.v(150): WARNING: actual bit length 24 differs from formal bit length 32 for port 'REG_DATA' (VLG-342)
#D:/2026fpga/lab_hd_1_mipi_hdmi/td_project/../user_source/hdl_source/uics500_cfg/uicfgcs500.v(154): WARNING: actual bit length 32 differs from formal bit length 7 for port 'I' (VLG-342)
#D:/2026fpga/lab_hd_1_mipi_hdmi/td_project/../user_source/hdl_source/uics500_cfg/uicfgcs500.v(160): WARNING: actual bit length 24 differs from formal bit length 32 for port 'REG_DATA' (VLG-342)
#D:/2026fpga/lab_hd_1_mipi_hdmi/td_project/../user_source/hdl_source/uics500_cfg/uicfgcs500.v(37): INFO: replacing existing cell 'uicfgcs500' (VLG-120)
#D:/2026fpga/lab_hd_1_mipi_hdmi/td_project/../user_source/hdl_source/uics500_cfg/uics500reg.v(35): INFO: compiling module 'uics500reg' (VLG-004)
#D:/2026fpga/lab_hd_1_mipi_hdmi/td_project/../user_source/hdl_source/uics500_cfg/uics500reg.v(35): INFO: replacing existing cell 'uics500reg' (VLG-120)
#D:/2026fpga/lab_hd_1_mipi_hdmi/td_project/../user_source/hdl_source/uics500_cfg/uics500regAE.v(33): INFO: compiling module 'uics500regAE' (VLG-004)
#D:/2026fpga/lab_hd_1_mipi_hdmi/td_project/../user_source/hdl_source/uics500_cfg/uics500regAE.v(33): INFO: replacing existing cell 'uics500regAE' (VLG-120)
#D:/2026fpga/lab_hd_1_mipi_hdmi/td_project/../user_source/hdl_source/uics500_cfg/uii2c.v(41): INFO: compiling module 'uii2c' (VLG-004)
#D:/2026fpga/lab_hd_1_mipi_hdmi/td_project/../user_source/hdl_source/uics500_cfg/uii2c.v(145): ERROR: part-select direction is opposite from prefix index direction (VLG-177)
#D:/2026fpga/lab_hd_1_mipi_hdmi/td_project/../user_source/hdl_source/uics500_cfg/uii2c.v(52): INFO: see declaration of 'I_wr_data' (VLG-189)
#D:/2026fpga/lab_hd_1_mipi_hdmi/td_project/../user_source/hdl_source/uics500_cfg/uii2c.v(145): WARNING: index 7 is out of range [-1:0] for 'I_wr_data' (VLG-228)
#D:/2026fpga/lab_hd_1_mipi_hdmi/td_project/../user_source/hdl_source/uics500_cfg/uii2c.v(41): INFO: module 'uii2c' remains a black box due to errors in its contents (VLG-085)
#D:/2026fpga/lab_hd_1_mipi_hdmi/td_project/../user_source/hdl_source/uics500_cfg/uii2c.v(41): INFO: replacing existing cell 'uii2c' (VLG-120)
#D:/2026fpga/lab_hd_1_mipi_hdmi/td_project/../user_source/hdl_source/uiisp_beta/ae_set.v(33): INFO: compiling module 'ae_set' (VLG-004)
#D:/2026fpga/lab_hd_1_mipi_hdmi/td_project/../user_source/hdl_source/uiisp_beta/ae_set.v(33): INFO: replacing existing cell 'ae_set' (VLG-120)
#D:/2026fpga/lab_hd_1_mipi_hdmi/td_project/../user_source/hdl_source/hdmi_tx.v(2): INFO: analyzing included file 'D:/2026fpga/lab_hd_1_mipi_hdmi/td_project/../user_source/hdl_source/video_params.vh' (VLG-340)
#D:/2026fpga/lab_hd_1_mipi_hdmi/td_project/../user_source/hdl_source/hdmi_tx.v(2): INFO: back to file 'D:/2026fpga/lab_hd_1_mipi_hdmi/td_project/../user_source/hdl_source/hdmi_tx.v' (VLG-1332)
#D:/2026fpga/lab_hd_1_mipi_hdmi/td_project/../user_source/hdl_source/hdmi_tx.v(4): INFO: compiling module 'hdmi_tx' (VLG-004)
#D:/2026fpga/lab_hd_1_mipi_hdmi/td_project/../user_source/hdl_source/hdmi_tx.v(45): WARNING: net 'S_pll_lock' does not have a driver (VIN-1002)
#D:/2026fpga/lab_hd_1_mipi_hdmi/td_project/../user_source/hdl_source/hdmi_tx.v(4): INFO: replacing existing cell 'hdmi_tx' (VLG-120)
#D:/2026fpga/lab_hd_1_mipi_hdmi/td_project/../user_source/hdl_source/hdmi_1_4b_transmitter_core_wrapper.enc.v(5038): WARNING: ignoring the contents of protected block (VLG-1245)
#D:/2026fpga/lab_hd_1_mipi_hdmi/td_project/../user_source/hdl_source/hdmi_1_4b_transmitter_core_wrapper.enc.v(5041): ERROR: unexpected EOF (VLG-150)
#D:/2026fpga/lab_hd_1_mipi_hdmi/td_project/../user_source/hdl_source/hdmi_phy_warpper.v(3): INFO: compiling module 'hdmi_phy_wrapper' (VLG-004)
#D:/2026fpga/lab_hd_1_mipi_hdmi/td_project/../user_source/hdl_source/hdmi_phy_warpper.v(3): INFO: replacing existing cell 'hdmi_phy_wrapper' (VLG-120)
#D:/2026fpga/lab_hd_1_mipi_hdmi/td_project/../user_source/hdl_source/lane_lvds_10_1.v(4): INFO: compiling module 'lane_lvds_10_1' (VLG-004)
#D:/2026fpga/lab_hd_1_mipi_hdmi/td_project/../user_source/hdl_source/lane_lvds_10_1.v(4): INFO: replacing existing cell 'lane_lvds_10_1' (VLG-120)
#D:/2026fpga/lab_hd_1_mipi_hdmi/td_project/../user_source/hdl_source/vtc/uivtc.v(42): INFO: compiling module 'uivtc' (VLG-004)
#D:/2026fpga/lab_hd_1_mipi_hdmi/td_project/../user_source/hdl_source/vtc/uivtc.v(42): INFO: replacing existing cell 'uivtc' (VLG-120)
#D:/2026fpga/lab_hd_1_mipi_hdmi/td_project/../user_source/hdl_source/hdmi_mixer.v(1): INFO: analyzing included file 'D:/2026fpga/lab_hd_1_mipi_hdmi/td_project/../user_source/hdl_source/video_params.vh' (VLG-340)
#D:/2026fpga/lab_hd_1_mipi_hdmi/td_project/../user_source/hdl_source/hdmi_mixer.v(1): INFO: back to file 'D:/2026fpga/lab_hd_1_mipi_hdmi/td_project/../user_source/hdl_source/hdmi_mixer.v' (VLG-1332)
#D:/2026fpga/lab_hd_1_mipi_hdmi/td_project/../user_source/hdl_source/hdmi_mixer.v(3): INFO: compiling module 'hdmi_mixer' (VLG-004)
#D:/2026fpga/lab_hd_1_mipi_hdmi/td_project/../user_source/hdl_source/hdmi_mixer.v(3): INFO: replacing existing cell 'hdmi_mixer' (VLG-120)
#D:/2026fpga/lab_hd_1_mipi_hdmi/td_project/../user_source/hdl_source/I2S_receiver.v(3): INFO: compiling module 'I2S_receiver' (VLG-004)
#D:/2026fpga/lab_hd_1_mipi_hdmi/td_project/../user_source/hdl_source/I2S_receiver.v(3): INFO: replacing existing cell 'I2S_receiver' (VLG-120)
#D:/2026fpga/lab_hd_1_mipi_hdmi/td_project/../user_source/hdl_source/audio_arc_calculate.v(4): INFO: compiling module 'audio_arc_calculate' (VLG-004)
#D:/2026fpga/lab_hd_1_mipi_hdmi/td_project/../user_source/hdl_source/audio_arc_calculate.v(34): WARNING: expression size 9 truncated to fit in target size 8 (VLG-221)
#D:/2026fpga/lab_hd_1_mipi_hdmi/td_project/../user_source/hdl_source/audio_arc_calculate.v(50): WARNING: expression size 21 truncated to fit in target size 20 (VLG-221)
#D:/2026fpga/lab_hd_1_mipi_hdmi/td_project/../user_source/hdl_source/audio_arc_calculate.v(58): WARNING: expression size 21 truncated to fit in target size 20 (VLG-221)
#D:/2026fpga/lab_hd_1_mipi_hdmi/td_project/../user_source/hdl_source/audio_arc_calculate.v(4): INFO: replacing existing cell 'audio_arc_calculate' (VLG-120)
#D:/2026fpga/lab_hd_1_mipi_hdmi/td_project/../user_source/hdl_source/key_remove_shakes.v(12): INFO: compiling module 'key_remove_shakes' (VLG-004)
#D:/2026fpga/lab_hd_1_mipi_hdmi/td_project/../user_source/hdl_source/key_remove_shakes.v(12): INFO: replacing existing cell 'key_remove_shakes' (VLG-120)
#D:/2026fpga/lab_hd_1_mipi_hdmi/td_project/../user_source/hdl_source/mcu_ui_apb_regs.v(4): INFO: compiling module 'mcu_ui_apb_regs' (VLG-004)
#D:/2026fpga/lab_hd_1_mipi_hdmi/td_project/../user_source/hdl_source/mcu_ui_apb_regs.v(4): INFO: replacing existing cell 'mcu_ui_apb_regs' (VLG-120)
#D:/2026fpga/lab_hd_1_mipi_hdmi/td_project/../user_source/hdl_source/ui_osd.v(3): INFO: compiling module 'ui_osd' (VLG-004)
#D:/2026fpga/lab_hd_1_mipi_hdmi/td_project/../user_source/hdl_source/ui_osd.v(106): WARNING: expression size 29 truncated to fit in target size 4 (VLG-221)
#D:/2026fpga/lab_hd_1_mipi_hdmi/td_project/../user_source/hdl_source/ui_osd.v(106): WARNING: expression size 32 truncated to fit in target size 3 (VLG-221)
#D:/2026fpga/lab_hd_1_mipi_hdmi/td_project/../user_source/hdl_source/ui_osd.v(109): WARNING: expression size 29 truncated to fit in target size 4 (VLG-221)
#D:/2026fpga/lab_hd_1_mipi_hdmi/td_project/../user_source/hdl_source/ui_osd.v(109): WARNING: expression size 32 truncated to fit in target size 3 (VLG-221)
#D:/2026fpga/lab_hd_1_mipi_hdmi/td_project/../user_source/hdl_source/ui_osd.v(112): WARNING: expression size 29 truncated to fit in target size 4 (VLG-221)
#D:/2026fpga/lab_hd_1_mipi_hdmi/td_project/../user_source/hdl_source/ui_osd.v(112): WARNING: expression size 32 truncated to fit in target size 3 (VLG-221)
#D:/2026fpga/lab_hd_1_mipi_hdmi/td_project/../user_source/hdl_source/ui_osd.v(115): WARNING: expression size 29 truncated to fit in target size 4 (VLG-221)
#D:/2026fpga/lab_hd_1_mipi_hdmi/td_project/../user_source/hdl_source/ui_osd.v(115): WARNING: expression size 32 truncated to fit in target size 3 (VLG-221)
#D:/2026fpga/lab_hd_1_mipi_hdmi/td_project/../user_source/hdl_source/ui_osd.v(118): WARNING: expression size 29 truncated to fit in target size 4 (VLG-221)
#D:/2026fpga/lab_hd_1_mipi_hdmi/td_project/../user_source/hdl_source/ui_osd.v(118): WARNING: expression size 32 truncated to fit in target size 3 (VLG-221)
#D:/2026fpga/lab_hd_1_mipi_hdmi/td_project/../user_source/hdl_source/ui_osd.v(159): WARNING: expression size 16 truncated to fit in target size 10 (VLG-221)
#D:/2026fpga/lab_hd_1_mipi_hdmi/td_project/../user_source/hdl_source/ui_osd.v(3): INFO: replacing existing cell 'ui_osd' (VLG-120)
#D:/2026fpga/lab_hd_1_mipi_hdmi/td_project/../user_source/hdl_source/design_top_wrapper.v(3): INFO: analyzing included file 'D:/2026fpga/lab_hd_1_mipi_hdmi/td_project/../user_source/hdl_source/video_params.vh' (VLG-340)
#D:/2026fpga/lab_hd_1_mipi_hdmi/td_project/../user_source/hdl_source/design_top_wrapper.v(3): INFO: back to file 'D:/2026fpga/lab_hd_1_mipi_hdmi/td_project/../user_source/hdl_source/design_top_wrapper.v' (VLG-1332)
#D:/2026fpga/lab_hd_1_mipi_hdmi/td_project/../user_source/hdl_source/design_top_wrapper.v(780): WARNING: port 'O_csi_hs' remains unconnected for this instance (VLG-939)
#D:/2026fpga/lab_hd_1_mipi_hdmi/td_project/../user_source/hdl_source/design_top_wrapper.v(797): WARNING: port 'I_camera_black_level' is not connected on this instance (VLG-1447)
#D:/2026fpga/lab_hd_1_mipi_hdmi/td_project/../user_source/hdl_source/design_top_wrapper.v(1081): WARNING: port 'IO_ddc_sda' remains unconnected for this instance (VLG-939)
#D:/2026fpga/lab_hd_1_mipi_hdmi/td_project/../user_source/hdl_source/design_top_wrapper.v(5): INFO: compiling module 'design_top_wrapper' (VLG-004)
#D:/2026fpga/lab_hd_1_mipi_hdmi/td_project/../user_source/hdl_source/uics500_cfg/uicfgcs500.v(37): INFO: compiling module 'uicfgcs500(CLK_DIV=239)' (VLG-004)
#D:/2026fpga/lab_hd_1_mipi_hdmi/td_project/../user_source/hdl_source/uics500_cfg/uii2c.v(41): INFO: compiling module 'uii2c(WMEN_LEN=4,RMEN_LEN=1,CLK_DIV=239)' (VLG-004)
#D:/2026fpga/lab_hd_1_mipi_hdmi/td_project/../user_source/hdl_source/uics500_cfg/uii2c.v(41): INFO: replacing existing cell 'uii2c(WMEN_LEN=4,RMEN_LEN=1,CLK_DIV=239)' (VLG-120)
#D:/2026fpga/lab_hd_1_mipi_hdmi/td_project/../user_source/hdl_source/uics500_cfg/uicfgcs500.v(150): WARNING: actual bit length 24 differs from formal bit length 32 for port 'REG_DATA' (VLG-342)
#D:/2026fpga/lab_hd_1_mipi_hdmi/td_project/../user_source/hdl_source/uics500_cfg/uicfgcs500.v(154): WARNING: actual bit length 32 differs from formal bit length 7 for port 'I' (VLG-342)
#D:/2026fpga/lab_hd_1_mipi_hdmi/td_project/../user_source/hdl_source/uics500_cfg/uicfgcs500.v(160): WARNING: actual bit length 24 differs from formal bit length 32 for port 'REG_DATA' (VLG-342)
#D:/2026fpga/lab_hd_1_mipi_hdmi/td_project/../user_source/hdl_source/uics500_cfg/uicfgcs500.v(37): INFO: replacing existing cell 'uicfgcs500(CLK_DIV=239)' (VLG-120)
#D:/2026fpga/lab_hd_1_mipi_hdmi/td_project/../user_source/hdl_source/isp/uial2axis.v(10): INFO: compiling module 'uial2axis(IMG_WIDTH=2592,IMG_HEIGHT=1944,INPUT_DATA_WIDTH=40)' (VLG-004)
#D:/2026fpga/lab_hd_1_mipi_hdmi/td_project/../user_source/hdl_source/isp/uial2axis.v(77): WARNING: expression size 15 truncated to fit in target size 14 (VLG-221)
#D:/2026fpga/lab_hd_1_mipi_hdmi/td_project/../user_source/hdl_source/isp/uial2axis.v(10): INFO: replacing existing cell 'uial2axis(IMG_WIDTH=2592,IMG_HEIGHT=1944,INPUT_DATA_WIDTH=40)' (VLG-120)
#D:/2026fpga/lab_hd_1_mipi_hdmi/td_project/../user_source/hdl_source/design_top_wrapper.v(941): WARNING: actual bit length 16 differs from formal bit length 32 for port 'O_mc_app_wdf_mask' (VLG-342)
#D:/2026fpga/lab_hd_1_mipi_hdmi/td_project/../user_source/hdl_source/vtc/uivtc.v(42): INFO: compiling module 'uivtc(H_ActiveSize=1920,H_FrameSize=2200,H_SyncStart=2008,H_SyncEnd=2052,V_FrameSize=1125,V_SyncStart=1084,V_SyncEnd=1089)' (VLG-004)
#D:/2026fpga/lab_hd_1_mipi_hdmi/td_project/../user_source/hdl_source/vtc/uivtc.v(42): INFO: replacing existing cell 'uivtc(H_ActiveSize=1920,H_FrameSize=2200,H_SyncStart=2008,H_SyncEnd=2052,V_FrameSize=1125,V_SyncStart=1084,V_SyncEnd=1089)' (VLG-120)
#D:/2026fpga/lab_hd_1_mipi_hdmi/td_project/../user_source/hdl_source/hdmi_mixer.v(3): INFO: compiling module 'hdmi_mixer(H_OFFSET=0,V_OFFSET=0)' (VLG-004)
#D:/2026fpga/lab_hd_1_mipi_hdmi/td_project/../user_source/hdl_source/hdmi_mixer.v(3): INFO: replacing existing cell 'hdmi_mixer(H_OFFSET=0,V_OFFSET=0)' (VLG-120)
#D:/2026fpga/lab_hd_1_mipi_hdmi/td_project/../user_source/hdl_source/design_top_wrapper.v(89): WARNING: net 'S_ISP_O_tready' does not have a driver (VIN-1002)
#D:/2026fpga/lab_hd_1_mipi_hdmi/td_project/../user_source/hdl_source/design_top_wrapper.v(797): WARNING: input port 'I_camera_black_level[9]' is not connected on this instance (VIN-1013)
#D:/2026fpga/lab_hd_1_mipi_hdmi/td_project/../user_source/hdl_source/design_top_wrapper.v(862): WARNING: input port 'I_tdest[9]' remains unconnected for this instance (VIN-1053)
#D:/2026fpga/lab_hd_1_mipi_hdmi/td_project/../user_source/hdl_source/design_top_wrapper.v(5): INFO: replacing existing cell 'design_top_wrapper' (VLG-120)
#D:/2026fpga/lab_hd_1_mipi_hdmi/td_project/../user_source/hdl_source/mipi_dphy_rx/mipi_dphy_rx_ph1p_mipiio_wrapper.sv(4): INFO: compiling module 'mipi_dphy_rx_ph1p_mipiio_wrapper' (VLG-004)
#D:/2026fpga/lab_hd_1_mipi_hdmi/td_project/../user_source/hdl_source/mipi_dphy_rx/ph1p_mipiio_rx_wrapper.v(4): INFO: compiling module 'ph1p_mipiio_rx_wrapper' (VLG-004)
#D:/2026fpga/lab_hd_1_mipi_hdmi/td_project/../user_source/hdl_source/mipi_dphy_rx/ph1p_mipiio_rx_wrapper.v(394): WARNING: expression size 9 truncated to fit in target size 8 (VLG-221)
#D:/2026fpga/lab_hd_1_mipi_hdmi/td_project/../user_source/hdl_source/mipi_dphy_rx/ph1p_mipiio_rx_wrapper.v(4): INFO: replacing existing cell 'ph1p_mipiio_rx_wrapper' (VLG-120)
#D:/2026fpga/lab_hd_1_mipi_hdmi/td_project/../user_source/hdl_source/mipi_dphy_rx/mipi_dphy_rx_ph1p_mipiio_wrapper.sv(4): INFO: replacing existing cell 'mipi_dphy_rx_ph1p_mipiio_wrapper' (VLG-120)
#D:/2026fpga/lab_hd_1_mipi_hdmi/td_project/../user_source/hdl_source/mipi_dphy_rx/byte_aligner.enc.v(366): WARNING: ignoring the contents of protected block (VLG-1245)
#D:/2026fpga/lab_hd_1_mipi_hdmi/td_project/../user_source/hdl_source/mipi_dphy_rx/byte_aligner.enc.v(3): INFO: compiling module 'byte_aligner' (VLG-004)
#D:/2026fpga/lab_hd_1_mipi_hdmi/td_project/../user_source/hdl_source/mipi_dphy_rx/byte_aligner.enc.v(3): INFO: replacing existing cell 'byte_aligner' (VLG-120)
#D:/2026fpga/lab_hd_1_mipi_hdmi/td_project/../user_source/hdl_source/mipi_dphy_rx/byte_aligner_wrapper.enc.sv(121): WARNING: ignoring the contents of protected block (VLG-1245)
#D:/2026fpga/lab_hd_1_mipi_hdmi/td_project/../user_source/hdl_source/mipi_dphy_rx/channel_aligner.enc.v(133): WARNING: ignoring the contents of protected block (VLG-1245)
#D:/2026fpga/lab_hd_1_mipi_hdmi/td_project/../user_source/hdl_source/mipi_dphy_rx/byte_aligner_wrapper.enc.sv(4): INFO: compiling module 'byte_aligner_wrapper' (VLG-004)
#D:/2026fpga/lab_hd_1_mipi_hdmi/td_project/../user_source/hdl_source/mipi_dphy_rx/byte_aligner_wrapper.enc.sv(4): INFO: replacing existing cell 'byte_aligner_wrapper' (VLG-120)
#D:/2026fpga/lab_hd_1_mipi_hdmi/td_project/../user_source/hdl_source/mipi_dphy_rx/channel_aligner.enc.v(3): INFO: compiling module 'channel_aligner' (VLG-004)
#D:/2026fpga/lab_hd_1_mipi_hdmi/td_project/../user_source/hdl_source/mipi_dphy_rx/channel_aligner.enc.v(3): INFO: replacing existing cell 'channel_aligner' (VLG-120)
#D:/2026fpga/lab_hd_1_mipi_hdmi/td_project/../user_source/hdl_source/mipi_dphy_rx/channel_aligner_wrapper.enc.sv(82): WARNING: ignoring the contents of protected block (VLG-1245)
#D:/2026fpga/lab_hd_1_mipi_hdmi/td_project/../user_source/hdl_source/mipi_dphy_rx/hs_detect.enc.v(113): WARNING: ignoring the contents of protected block (VLG-1245)
#D:/2026fpga/lab_hd_1_mipi_hdmi/td_project/../user_source/hdl_source/mipi_dphy_rx/channel_aligner_wrapper.enc.sv(3): INFO: compiling module 'channel_aligner_wrapper' (VLG-004)
#D:/2026fpga/lab_hd_1_mipi_hdmi/td_project/../user_source/hdl_source/mipi_dphy_rx/channel_aligner_wrapper.enc.sv(3): INFO: replacing existing cell 'channel_aligner_wrapper' (VLG-120)
#D:/2026fpga/lab_hd_1_mipi_hdmi/td_project/../user_source/hdl_source/mipi_dphy_rx/hs_detect.enc.v(3): INFO: compiling module 'hs_detect' (VLG-004)
#D:/2026fpga/lab_hd_1_mipi_hdmi/td_project/../user_source/hdl_source/mipi_dphy_rx/hs_detect.enc.v(3): INFO: replacing existing cell 'hs_detect' (VLG-120)
si_click_tree_item Add_Module addModuleTree hdmi_phy_wrapper_(hdmi_phy_warpper_v) 0
si_double_click_tree_item Add_Module addModuleTree hdmi_phy_wrapper_(hdmi_phy_warpper_v) 0
si_click_push_button Add_Module AL_AddModuleDlg.Ok
#D:/2026fpga/lab_hd_1_mipi_hdmi/td_project/../user_source/hdl_source/hdmi_phy_warpper.v(3): INFO: compiling module 'hdmi_phy_wrapper' (VLG-004)
#D:/2026fpga/lab_hd_1_mipi_hdmi/td_project/../user_source/hdl_source/hdmi_phy_warpper.v(3): INFO: replacing existing cell 'hdmi_phy_wrapper' (VLG-120)
#D:/2026fpga/lab_hd_1_mipi_hdmi/td_project/design_0/ip/design_0_hdmi_phy_wrapper_0/design_0_hdmi_phy_wrapper_0.v(1): INFO: compiling module 'design_0_hdmi_phy_wrapper_0' (VLG-004)
#[INFO] si_design_add_inst -type module -reference hdmi_phy_wrapper hdmi_phy_wrapper_0
si_select_window DesignIntegrator
si_design_diagram_select_inst design_0.DesignDiagram hdmi_phy_wrapper_0 1
si_design_diagram_move_inst design_0.DesignDiagram hdmi_phy_wrapper_0 -189.166656 -95.833328
si_click_toolbar_item DesignIntegrator DesignIntegrator.File.Save_Design
#[INFO] si_design_save
si_select_window DesignIntegrator
si_close_window DesignIntegrator
si_select_dialog ExitDesignIntegrator
si_click_push_button ExitDesignIntegrator Exit
#[INFO] si_design_save
si_exit
#[INFO] Exit 0
