============================================================
   Tang Dynasty, V6.2.168116
   Copyright (c) 2012-2025 Anlogic Inc.
   Executable = F:/AnlogicFpga/TD_6.2.1_Engineer_6.2.168.116/bin/td.exe
   Built at =   16:32:07 Jun 12 2025
   Run by =     pc
   Run Date =   Sat Sep 19 12:21:15 2026

   Run on =     CIRBUG
============================================================
RUN-1002 : start command "import_db D:/2026fpga/lab_hd_1_mipi_hdmi/td_project/camera_to_dsi_display_Runs/phy_1/camera_to_dsi_display_pr.db"
RUN-1001 : Importing database generated by Tang Dynasty, V6.2.168116.
RUN-1001 : Database version number 46207
RUN-1001 : Import flow parameters
RUN-1001 : Import netlist
RUN-1001 : Constructing routing connections ...
PHY-1001 : End build routing graph; 3.785676s wall, 10.437500s user + 0.796875s system = 11.234375s CPU (296.8%)

RUN-1001 : Import phy database
RUN-1001 : Import timing constraints
RUN-1001 : Import IO constraints
RUN-1001 : Import Inst constraints
RUN-1001 : Import ChipWatcher
RUN-1001 : Import design success TD_VERSION=6.2.168116 , DB_VERSION=46207
RUN-1003 : finish command "import_db D:/2026fpga/lab_hd_1_mipi_hdmi/td_project/camera_to_dsi_display_Runs/phy_1/camera_to_dsi_display_pr.db" in  6.089678s wall, 12.265625s user + 1.125000s system = 13.390625s CPU (219.9%)

RUN-1004 : used memory is 1125 MB, reserved memory is 1106 MB, peak memory is 1163 MB
GUI-1001 : User opens ChipProbe ...
GUI-1001 : User closes ChipProbe ...
RUN-1002 : start command "config_chipwatcher"
GUI-1001 : Config chip watcher succeed!
GUI-1001 : User opens ChipWatcher ...
PRJ-1412 : reset_run syn_1 phy_1.
PRJ-1409 : launch_runs syn_1 phy_1  -jobs 6.
PRJ-5303 WARNING: Run syn_1 failed.
RUN-1002 : start command "save_best_bits"
PRJ-1412 : reset_run syn_1 phy_1.
PRJ-1409 : launch_runs syn_1 phy_1  -jobs 6.
PRJ-5303 WARNING: Run syn_1 failed.
RUN-1002 : start command "save_best_bits"
