============================================================
   Tang Dynasty, V6.2.168116
   Copyright (c) 2012-2025 Anlogic Inc.
   Executable = F:/AnlogicFpga/TD_6.2.1_Engineer_6.2.168.116/bin/td.exe
   Built at =   16:32:07 Jun 12 2025
   Run by =     pc
   Run Date =   Sat Sep 19 14:45:46 2026

   Run on =     CIRBUG
============================================================
RUN-1002 : start command "import_db D:/2026fpga/lab_hd_1_mipi_hdmi/td_project/camera_to_dsi_display_Runs/phy_1/camera_to_dsi_display_pr.db"
RUN-1001 : Importing database generated by Tang Dynasty, V6.2.168116.
RUN-1001 : Database version number 46207
RUN-1001 : Import flow parameters
RUN-1001 : Import netlist
RUN-1001 : Constructing routing connections ...
PHY-1001 : End build routing graph; 3.953094s wall, 11.234375s user + 1.015625s system = 12.250000s CPU (309.9%)

RUN-1001 : Import phy database
RUN-1001 : Import timing constraints
RUN-1001 : Import IO constraints
RUN-1001 : Import Inst constraints
RUN-1001 : Import ChipWatcher
RUN-1001 : Import design success TD_VERSION=6.2.168116 , DB_VERSION=46207
RUN-1003 : finish command "import_db D:/2026fpga/lab_hd_1_mipi_hdmi/td_project/camera_to_dsi_display_Runs/phy_1/camera_to_dsi_display_pr.db" in  6.056684s wall, 13.015625s user + 1.234375s system = 14.250000s CPU (235.3%)

RUN-1004 : used memory is 1131 MB, reserved memory is 1108 MB, peak memory is 1167 MB
RUN-1002 : start command "config_chipwatcher"
GUI-1001 : Config chip watcher succeed!
GUI-1001 : User opens ChipWatcher ...
PRJ-1412 : reset_run syn_1.
RUN-1002 : start command "clear_design"
RUN-1001 : Clear project database ...
PRJ-1412 : reset_run phy_1.
PRJ-1411 : launch_runs syn_1 -step opt_gate.
PRJ-1412 : reset_run phy_1.
PRJ-1410 : Run syn_1 success.
RUN-1002 : start command "save_best_bits"
RUN-1002 : start command "import_db D:/2026fpga/lab_hd_1_mipi_hdmi/td_project/camera_to_dsi_display_Runs/syn_1/camera_to_dsi_display_gate.db"
RUN-1001 : Importing database generated by Tang Dynasty, V6.2.168116.
RUN-1001 : Database version number 46207
RUN-1001 : Import flow parameters
RUN-1001 : Import netlist
RUN-1001 : Import timing constraints
RUN-1001 : Import IO constraints
RUN-1001 : Import Inst constraints
RUN-1001 : Import ChipWatcher
RUN-1001 : Import design success TD_VERSION=6.2.168116 , DB_VERSION=46207
RUN-1003 : finish command "import_db D:/2026fpga/lab_hd_1_mipi_hdmi/td_project/camera_to_dsi_display_Runs/syn_1/camera_to_dsi_display_gate.db" in  1.213835s wall, 0.953125s user + 0.218750s system = 1.171875s CPU (96.5%)

RUN-1004 : used memory is 833 MB, reserved memory is 799 MB, peak memory is 1377 MB
RUN-1002 : start command "config_chipwatcher"
RUN-1002 : start command "update_timing"
RUN-1002 : start command "start_timer"
USR-1002 : Derived clock:  create_generated_clock -name {u_PLL/ph1p_phy_pll_wrapper_25a56e5ce2f9_Inst/u_PH1P_PHY_PLL.clkc[0]} -source [get_ports {I_sys_clk}] -master_clock {sys_clk_50m} -multiply_by 2.0000 -duty_cycle 50.0000 [get_pins {u_PLL/ph1p_phy_pll_wrapper_25a56e5ce2f9_Inst/u_PH1P_PHY_PLL.clkc[0]}]
USR-1002 : Derived clock:  create_generated_clock -name {u_PLL/ph1p_phy_pll_wrapper_25a56e5ce2f9_Inst/u_PH1P_PHY_PLL.clkc[1]} -source [get_ports {I_sys_clk}] -master_clock {sys_clk_50m} -divide_by 2.1000 -duty_cycle 50.0000 [get_pins {u_PLL/ph1p_phy_pll_wrapper_25a56e5ce2f9_Inst/u_PH1P_PHY_PLL.clkc[1]}]
USR-1002 : Derived clock:  create_generated_clock -name {u_PLL/ph1p_phy_pll_wrapper_25a56e5ce2f9_Inst/u_PH1P_PHY_PLL.clkc[2]} -source [get_ports {I_sys_clk}] -master_clock {sys_clk_50m} -multiply_by 1.0000 -duty_cycle 50.0000 [get_pins {u_PLL/ph1p_phy_pll_wrapper_25a56e5ce2f9_Inst/u_PH1P_PHY_PLL.clkc[2]}]
USR-1002 : Derived clock:  create_generated_clock -name {u_PLL/ph1p_phy_pll_wrapper_25a56e5ce2f9_Inst/u_PH1P_PHY_PLL.clkc[3]} -source [get_ports {I_sys_clk}] -master_clock {sys_clk_50m} -multiply_by 6.0000 -duty_cycle 50.0000 [get_pins {u_PLL/ph1p_phy_pll_wrapper_25a56e5ce2f9_Inst/u_PH1P_PHY_PLL.clkc[3]}]
USR-1002 : Derived clock:  create_generated_clock -name {u_PLL/ph1p_phy_pll_wrapper_25a56e5ce2f9_Inst/u_PH1P_PHY_PLL.clkc[4]} -source [get_ports {I_sys_clk}] -master_clock {sys_clk_50m} -multiply_by 1.5000 -duty_cycle 50.0000 [get_pins {u_PLL/ph1p_phy_pll_wrapper_25a56e5ce2f9_Inst/u_PH1P_PHY_PLL.clkc[4]}]
USR-1002 : Derived clock:  create_generated_clock -name {u_PLL/ph1p_phy_pll_wrapper_25a56e5ce2f9_Inst/u_PH1P_PHY_PLL.clkc[5]} -source [get_ports {I_sys_clk}] -master_clock {sys_clk_50m} -multiply_by 7.5000 -duty_cycle 50.0000 [get_pins {u_PLL/ph1p_phy_pll_wrapper_25a56e5ce2f9_Inst/u_PH1P_PHY_PLL.clkc[5]}]
USR-1002 : Derived clock:  create_generated_clock -name {u_ph1p35_324_ddr_wrapper/u_ddr2/ph1p_ddrmc_wrapper/ph1p_ddrmc_top/u_ddr_phy/u_ddrphy_top/u_ddrphy_clk/u_pll0/u_pll_inst.clkc[0]} -source [get_ports {I_sys_clk}] -master_clock {sys_clk_50m} -multiply_by 1.3333 -duty_cycle 50.0000 [get_pins {u_ph1p35_324_ddr_wrapper/u_ddr2/ph1p_ddrmc_wrapper/ph1p_ddrmc_top/u_ddr_phy/u_ddrphy_top/u_ddrphy_clk/u_pll0/u_pll_inst.clkc[0]}]
USR-1002 : Derived clock:  create_generated_clock -name {u_ph1p35_324_ddr_wrapper/u_ddr2/ph1p_ddrmc_wrapper/ph1p_ddrmc_top/u_ddr_phy/u_ddrphy_top/u_ddrphy_clk/u_pll0/u_pll_inst.clkc[1]} -source [get_ports {I_sys_clk}] -master_clock {sys_clk_50m} -multiply_by 1.3333 -duty_cycle 50.0000 [get_pins {u_ph1p35_324_ddr_wrapper/u_ddr2/ph1p_ddrmc_wrapper/ph1p_ddrmc_top/u_ddr_phy/u_ddrphy_top/u_ddrphy_clk/u_pll0/u_pll_inst.clkc[1]}]
USR-1002 : Derived clock:  create_generated_clock -name {u_ph1p35_324_ddr_wrapper/u_ddr2/ph1p_ddrmc_wrapper/ph1p_ddrmc_top/u_ddr_phy/u_ddrphy_top/u_ddrphy_clk/u_pll0/u_pll_inst.clkc[2]} -source [get_ports {I_sys_clk}] -master_clock {sys_clk_50m} -multiply_by 5.3333 -duty_cycle 50.0000 [get_pins {u_ph1p35_324_ddr_wrapper/u_ddr2/ph1p_ddrmc_wrapper/ph1p_ddrmc_top/u_ddr_phy/u_ddrphy_top/u_ddrphy_clk/u_pll0/u_pll_inst.clkc[2]}]
USR-1002 : Derived clock:  create_generated_clock -name {u_ph1p35_324_ddr_wrapper/u_ddr2/ph1p_ddrmc_wrapper/ph1p_ddrmc_top/u_ddr_phy/u_ddrphy_top/u_ddrphy_clk/u_pll0/u_pll_inst.clkc[3]} -source [get_ports {I_sys_clk}] -master_clock {sys_clk_50m} -divide_by 1.9687 -duty_cycle 50.0000 [get_pins {u_ph1p35_324_ddr_wrapper/u_ddr2/ph1p_ddrmc_wrapper/ph1p_ddrmc_top/u_ddr_phy/u_ddrphy_top/u_ddrphy_clk/u_pll0/u_pll_inst.clkc[3]}]
USR-1002 : Derived clock:  create_generated_clock -name {u_ph1p35_324_ddr_wrapper/u_ddr2/ph1p_ddrmc_wrapper/ph1p_ddrmc_top/u_ddr_phy/u_ddrphy_top/u_ddrphy_clk/u_pll1/u_pll_inst.clkc[0]} -source [get_pins {u_ph1p35_324_ddr_wrapper/u_ddr2/ph1p_ddrmc_wrapper/ph1p_ddrmc_top/u_ddr_phy/u_ddrphy_top/u_ddrphy_clk/u_pll0/u_pll_inst.clkc[0]}] -master_clock {u_ph1p35_324_ddr_wrapper/u_ddr2/ph1p_ddrmc_wrapper/ph1p_ddrmc_top/u_ddr_phy/u_ddrphy_top/u_ddrphy_clk/u_pll0/u_pll_inst.clkc[0]} -multiply_by 1.0000 -duty_cycle 50.0000 [get_pins {u_ph1p35_324_ddr_wrapper/u_ddr2/ph1p_ddrmc_wrapper/ph1p_ddrmc_top/u_ddr_phy/u_ddrphy_top/u_ddrphy_clk/u_pll1/u_pll_inst.clkc[0]}]
8.888000
15.000000
15.000000
13.333000
RUN-1003 : finish command "start_timer" in  3.678768s wall, 3.328125s user + 0.640625s system = 3.968750s CPU (107.9%)

RUN-1004 : used memory is 1219 MB, reserved memory is 1196 MB, peak memory is 1377 MB
TMR-2502 : Net delay update with mode: Synthesized
RUN-1003 : finish command "update_timing" in  6.213529s wall, 5.703125s user + 0.843750s system = 6.546875s CPU (105.4%)

RUN-1004 : used memory is 1328 MB, reserved memory is 1308 MB, peak memory is 1377 MB
RUN-1003 : finish command "config_chipwatcher" in  7.381830s wall, 6.921875s user + 0.937500s system = 7.859375s CPU (106.5%)

RUN-1004 : used memory is 1354 MB, reserved memory is 1336 MB, peak memory is 1377 MB
GUI-1001 : Config chip watcher succeed!
GUI-1001 : User opens ChipWatcher ...
PRJ-1411 : launch_runs phy_1 -step bitgen.
PRJ-1410 : Run phy_1 success.
RUN-1002 : start command "save_best_bits"
PRJ-1424 : The implemented result of phy_1 is saved as best result.
RUN-1002 : start command "import_db D:/2026fpga/lab_hd_1_mipi_hdmi/td_project/camera_to_dsi_display_Runs/phy_1/camera_to_dsi_display_pr.db"
RUN-1001 : Importing database generated by Tang Dynasty, V6.2.168116.
RUN-1001 : Database version number 46207
RUN-1001 : Import flow parameters
RUN-1001 : Import netlist
RUN-1001 : Constructing routing connections ...
PHY-1001 : End build routing graph; 1.729328s wall, 6.765625s user + 0.046875s system = 6.812500s CPU (393.9%)

RUN-1001 : Import phy database
RUN-1001 : Import timing constraints
RUN-1001 : Import IO constraints
RUN-1001 : Import Inst constraints
RUN-1001 : Import ChipWatcher
RUN-1001 : Import design success TD_VERSION=6.2.168116 , DB_VERSION=46207
RUN-1003 : finish command "import_db D:/2026fpga/lab_hd_1_mipi_hdmi/td_project/camera_to_dsi_display_Runs/phy_1/camera_to_dsi_display_pr.db" in  4.848989s wall, 9.515625s user + 0.453125s system = 9.968750s CPU (205.6%)

RUN-1004 : used memory is 1194 MB, reserved memory is 1169 MB, peak memory is 1451 MB
RUN-1002 : start command "config_chipwatcher"
KIT-1004 : Chipwatcher code = 1110101101001000
KIT-1004 : import watcher inst auto_created_cwc1 completed, there are 4 view node(s), 11 trigger net(s), 11 data net(s).
GUI-1001 : Config chip watcher succeed!
GUI-1001 : User opens ChipWatcher ...
RUN-1002 : start command "connect_cable -host_name 127.0.0.1: -usr_args {-f 12 -i 0} -open"
PRG-8000 ERROR: host cast error: bad lexical cast: source type value could not be interpreted as target, using default: 5555
RUN-1002 : start command "connect_cable -close"
PRG-8000 ERROR: Connect server failed.
RUN-1002 : start command "connect_cable -host_name 127.0.0.1: -usr_args {-f 12 -i 0} -open"
PRG-8000 ERROR: host cast error: bad lexical cast: source type value could not be interpreted as target, using default: 5555
RUN-1002 : start command "download -bit camera_to_dsi_display_Runs/phy_1/cw/compiled.bit -mode jtag_burst -spd 7 -cable 0 -total_dev 1 -cur_dev 1 -bypass 11111111"
PRG-2014 : Chip validation success: PH1P35MDG324
RUN-1003 : finish command "download -bit camera_to_dsi_display_Runs/phy_1/cw/compiled.bit -mode jtag_burst -spd 7 -cable 0 -total_dev 1 -cur_dev 1 -bypass 11111111" in  9.465220s wall, 1.125000s user + 0.468750s system = 1.593750s CPU (16.8%)

RUN-1004 : used memory is 1237 MB, reserved memory is 1466 MB, peak memory is 1460 MB
GUI-1001 : Downloading succeeded!
RUN-1002 : start command "connect_cable -host_name 127.0.0.1:5555 -usr_args {-f 1 -i 0} -open"
RUN-1002 : start command "connect_cable -close"
RUN-1002 : start command "config_chipwatcher"
KIT-1004 : Chipwatcher code = 1110101101001000
KIT-1004 : import watcher inst auto_created_cwc1 completed, there are 4 view node(s), 11 trigger net(s), 11 data net(s).
GUI-1001 : Config chip watcher succeed!
GUI-1001 : User opens ChipWatcher ...
PRG-8000 ERROR: Connect server failed.
RUN-1002 : start command "connect_cable -host_name 127.0.0.1:5555 -usr_args {-f 1 -i 0} -open"
RUN-1002 : start command "download -bit camera_to_dsi_display_Runs/phy_1/cw/compiled.bit -mode jtag_burst -spd 7 -cable 0 -total_dev 1 -cur_dev 1 -bypass 11111111"
PRG-2014 : Chip validation success: PH1P35MDG324
RUN-1003 : finish command "download -bit camera_to_dsi_display_Runs/phy_1/cw/compiled.bit -mode jtag_burst -spd 7 -cable 0 -total_dev 1 -cur_dev 1 -bypass 11111111" in  9.840826s wall, 1.015625s user + 0.375000s system = 1.390625s CPU (14.1%)

RUN-1004 : used memory is 1211 MB, reserved memory is 1472 MB, peak memory is 1460 MB
GUI-1001 : Downloading succeeded!
RUN-1002 : start command "connect_cable -close"
RUN-1002 : start command "config_chipwatcher"
KIT-1004 : Chipwatcher code = 1110101101001000
KIT-1004 : import watcher inst auto_created_cwc1 completed, there are 4 view node(s), 11 trigger net(s), 11 data net(s).
GUI-1001 : Config chip watcher succeed!
GUI-1001 : User opens ChipWatcher ...
RUN-1002 : start command "connect_cable -host_name 127.0.0.1:5555 -usr_args {-f 1 -i 0} -open"
RUN-1002 : start command "connect_cable -close"
RUN-1021 : The net(cwc_slave_0_rst_dup_2) get connected pins failed, bacause the net is none-driven or multi-driven. Please check the taget netlist.
RUN-1021 : The net(S_hdmi_pixel_clk_syn_574) get connected pins failed, bacause the net is none-driven or multi-driven. Please check the taget netlist.
RUN-1021 : The net(S_hdmi_pixel_clk_syn_594) get connected pins failed, bacause the net is none-driven or multi-driven. Please check the taget netlist.
RUN-1021 : The net(x0y10_auto_gnd) get connected pins failed, bacause the net is none-driven or multi-driven. Please check the taget netlist.
RUN-1021 : The net(x0y11_auto_gnd) get connected pins failed, bacause the net is none-driven or multi-driven. Please check the taget netlist.
RUN-1021 : The net(x0y12_auto_gnd) get connected pins failed, bacause the net is none-driven or multi-driven. Please check the taget netlist.
RUN-1021 : The net(x0y13_auto_gnd) get connected pins failed, bacause the net is none-driven or multi-driven. Please check the taget netlist.
RUN-1021 : The net(x0y14_auto_gnd) get connected pins failed, bacause the net is none-driven or multi-driven. Please check the taget netlist.
RUN-1021 : The net(x0y15_auto_gnd) get connected pins failed, bacause the net is none-driven or multi-driven. Please check the taget netlist.
RUN-1021 : The net(x0y16_auto_gnd) get connected pins failed, bacause the net is none-driven or multi-driven. Please check the taget netlist.
RUN-1021 : The net(x0y17_auto_gnd) get connected pins failed, bacause the net is none-driven or multi-driven. Please check the taget netlist.
RUN-1021 : The net(x0y18_auto_gnd) get connected pins failed, bacause the net is none-driven or multi-driven. Please check the taget netlist.
RUN-1021 : The net(x0y30_auto_gnd) get connected pins failed, bacause the net is none-driven or multi-driven. Please check the taget netlist.
RUN-1021 : The net(x0y31_auto_gnd) get connected pins failed, bacause the net is none-driven or multi-driven. Please check the taget netlist.
RUN-1021 : The net(x0y32_auto_gnd) get connected pins failed, bacause the net is none-driven or multi-driven. Please check the taget netlist.
RUN-1021 : The net(x0y33_auto_gnd) get connected pins failed, bacause the net is none-driven or multi-driven. Please check the taget netlist.
RUN-1021 : The net(x0y34_auto_gnd) get connected pins failed, bacause the net is none-driven or multi-driven. Please check the taget netlist.
RUN-1021 : The net(x0y35_auto_gnd) get connected pins failed, bacause the net is none-driven or multi-driven. Please check the taget netlist.
RUN-1021 : The net(x0y36_auto_gnd) get connected pins failed, bacause the net is none-driven or multi-driven. Please check the taget netlist.
RUN-1021 : The net(x0y37_auto_gnd) get connected pins failed, bacause the net is none-driven or multi-driven. Please check the taget netlist.
RUN-1021 : The net(x0y38_auto_gnd) get connected pins failed, bacause the net is none-driven or multi-driven. Please check the taget netlist.
RUN-1021 : The net(x0y41_auto_gnd) get connected pins failed, bacause the net is none-driven or multi-driven. Please check the taget netlist.
RUN-1021 : The net(x0y42_auto_gnd) get connected pins failed, bacause the net is none-driven or multi-driven. Please check the taget netlist.
RUN-1021 : The net(x0y43_auto_gnd) get connected pins failed, bacause the net is none-driven or multi-driven. Please check the taget netlist.
RUN-1021 : The net(x0y44_auto_gnd) get connected pins failed, bacause the net is none-driven or multi-driven. Please check the taget netlist.
RUN-1021 : The net(x0y45_auto_gnd) get connected pins failed, bacause the net is none-driven or multi-driven. Please check the taget netlist.
RUN-1021 : The net(x0y46_auto_gnd) get connected pins failed, bacause the net is none-driven or multi-driven. Please check the taget netlist.
RUN-1021 : The net(x0y47_auto_gnd) get connected pins failed, bacause the net is none-driven or multi-driven. Please check the taget netlist.
RUN-1021 : The net(x0y48_auto_gnd) get connected pins failed, bacause the net is none-driven or multi-driven. Please check the taget netlist.
RUN-1021 : The net(x0y49_auto_gnd) get connected pins failed, bacause the net is none-driven or multi-driven. Please check the taget netlist.
RUN-1021 : The net(x0y50_auto_gnd) get connected pins failed, bacause the net is none-driven or multi-driven. Please check the taget netlist.
RUN-1021 : The net(x0y51_auto_gnd) get connected pins failed, bacause the net is none-driven or multi-driven. Please check the taget netlist.
RUN-1021 : The net(x0y52_auto_gnd) get connected pins failed, bacause the net is none-driven or multi-driven. Please check the taget netlist.
RUN-1021 : The net(x0y53_auto_gnd) get connected pins failed, bacause the net is none-driven or multi-driven. Please check the taget netlist.
RUN-1021 : The net(x0y54_auto_gnd) get connected pins failed, bacause the net is none-driven or multi-driven. Please check the taget netlist.
RUN-1021 : The net(x0y55_auto_gnd) get connected pins failed, bacause the net is none-driven or multi-driven. Please check the taget netlist.
RUN-1021 : The net(x0y56_auto_gnd) get connected pins failed, bacause the net is none-driven or multi-driven. Please check the taget netlist.
RUN-1021 : The net(x0y57_auto_gnd) get connected pins failed, bacause the net is none-driven or multi-driven. Please check the taget netlist.
RUN-1021 : The net(x0y58_auto_gnd) get connected pins failed, bacause the net is none-driven or multi-driven. Please check the taget netlist.
RUN-1021 : The net(x0y59_auto_gnd) get connected pins failed, bacause the net is none-driven or multi-driven. Please check the taget netlist.
RUN-1021 : The net(x0y59_clk_auto_gnd) get connected pins failed, bacause the net is none-driven or multi-driven. Please check the taget netlist.
RUN-1021 : The net(x0y60_auto_gnd) get connected pins failed, bacause the net is none-driven or multi-driven. Please check the taget netlist.
RUN-1021 : The net(x0y61_auto_gnd) get connected pins failed, bacause the net is none-driven or multi-driven. Please check the taget netlist.
RUN-1021 : The net(x0y62_auto_gnd) get connected pins failed, bacause the net is none-driven or multi-driven. Please check the taget netlist.
RUN-1021 : The net(x0y63_auto_gnd) get connected pins failed, bacause the net is none-driven or multi-driven. Please check the taget netlist.
RUN-1021 : The net(x0y64_auto_gnd) get connected pins failed, bacause the net is none-driven or multi-driven. Please check the taget netlist.
RUN-1021 : The net(x0y65_auto_gnd) get connected pins failed, bacause the net is none-driven or multi-driven. Please check the taget netlist.
RUN-1021 : The net(x0y66_auto_gnd) get connected pins failed, bacause the net is none-driven or multi-driven. Please check the taget netlist.
RUN-1021 : The net(x0y67_auto_gnd) get connected pins failed, bacause the net is none-driven or multi-driven. Please check the taget netlist.
RUN-1021 : The net(x0y68_auto_gnd) get connected pins failed, bacause the net is none-driven or multi-driven. Please check the taget netlist.
RUN-1021 : The net(x0y69_auto_gnd) get connected pins failed, bacause the net is none-driven or multi-driven. Please check the taget netlist.
RUN-1021 : The net(x0y70_auto_gnd) get connected pins failed, bacause the net is none-driven or multi-driven. Please check the taget netlist.
RUN-1021 : The net(x0y71_auto_gnd) get connected pins failed, bacause the net is none-driven or multi-driven. Please check the taget netlist.
RUN-1021 : The net(x0y72_auto_gnd) get connected pins failed, bacause the net is none-driven or multi-driven. Please check the taget netlist.
RUN-1021 : The net(x0y73_auto_gnd) get connected pins failed, bacause the net is none-driven or multi-driven. Please check the taget netlist.
RUN-1021 : The net(x0y74_auto_gnd) get connected pins failed, bacause the net is none-driven or multi-driven. Please check the taget netlist.
RUN-1021 : The net(x0y75_auto_gnd) get connected pins failed, bacause the net is none-driven or multi-driven. Please check the taget netlist.
RUN-1021 : The net(x0y76_auto_gnd) get connected pins failed, bacause the net is none-driven or multi-driven. Please check the taget netlist.
RUN-1021 : The net(x0y77_auto_gnd) get connected pins failed, bacause the net is none-driven or multi-driven. Please check the taget netlist.
RUN-1021 : The net(x0y78_auto_gnd) get connected pins failed, bacause the net is none-driven or multi-driven. Please check the taget netlist.
RUN-1021 : The net(x1y10_auto_gnd) get connected pins failed, bacause the net is none-driven or multi-driven. Please check the taget netlist.
RUN-1021 : The net(x1y12_auto_gnd) get connected pins failed, bacause the net is none-driven or multi-driven. Please check the taget netlist.
RUN-1021 : The net(x1y13_auto_gnd) get connected pins failed, bacause the net is none-driven or multi-driven. Please check the taget netlist.
RUN-1021 : The net(x1y15_auto_gnd) get connected pins failed, bacause the net is none-driven or multi-driven. Please check the taget netlist.
RUN-1021 : The net(x1y16_auto_gnd) get connected pins failed, bacause the net is none-driven or multi-driven. Please check the taget netlist.
RUN-1021 : The net(x1y17_auto_gnd) get connected pins failed, bacause the net is none-driven or multi-driven. Please check the taget netlist.
RUN-1021 : The net(x1y30_auto_gnd) get connected pins failed, bacause the net is none-driven or multi-driven. Please check the taget netlist.
RUN-1021 : The net(x1y32_auto_gnd) get connected pins failed, bacause the net is none-driven or multi-driven. Please check the taget netlist.
RUN-1021 : The net(x1y33_auto_gnd) get connected pins failed, bacause the net is none-driven or multi-driven. Please check the taget netlist.
RUN-1021 : The net(x1y35_auto_gnd) get connected pins failed, bacause the net is none-driven or multi-driven. Please check the taget netlist.
RUN-1021 : The net(x1y36_auto_gnd) get connected pins failed, bacause the net is none-driven or multi-driven. Please check the taget netlist.
RUN-1021 : The net(x1y37_auto_gnd) get connected pins failed, bacause the net is none-driven or multi-driven. Please check the taget netlist.
RUN-1021 : The net(x1y41_auto_gnd) get connected pins failed, bacause the net is none-driven or multi-driven. Please check the taget netlist.
RUN-1021 : The net(x1y43_auto_gnd) get connected pins failed, bacause the net is none-driven or multi-driven. Please check the taget netlist.
RUN-1021 : The net(x1y44_auto_gnd) get connected pins failed, bacause the net is none-driven or multi-driven. Please check the taget netlist.
RUN-1021 : The net(x1y45_auto_gnd) get connected pins failed, bacause the net is none-driven or multi-driven. Please check the taget netlist.
RUN-1021 : The net(x1y46_auto_gnd) get connected pins failed, bacause the net is none-driven or multi-driven. Please check the taget netlist.
RUN-1021 : The net(x1y47_auto_gnd) get connected pins failed, bacause the net is none-driven or multi-driven. Please check the taget netlist.
RUN-1021 : The net(x1y48_auto_gnd) get connected pins failed, bacause the net is none-driven or multi-driven. Please check the taget netlist.
RUN-1021 : The net(x1y50_auto_gnd) get connected pins failed, bacause the net is none-driven or multi-driven. Please check the taget netlist.
RUN-1021 : The net(x1y52_auto_gnd) get connected pins failed, bacause the net is none-driven or multi-driven. Please check the taget netlist.
RUN-1021 : The net(x1y53_auto_gnd) get connected pins failed, bacause the net is none-driven or multi-driven. Please check the taget netlist.
RUN-1021 : The net(x1y54_auto_gnd) get connected pins failed, bacause the net is none-driven or multi-driven. Please check the taget netlist.
RUN-1021 : The net(x1y55_auto_gnd) get connected pins failed, bacause the net is none-driven or multi-driven. Please check the taget netlist.
RUN-1021 : The net(x1y56_auto_gnd) get connected pins failed, bacause the net is none-driven or multi-driven. Please check the taget netlist.
RUN-1021 : The net(x1y57_auto_gnd) get connected pins failed, bacause the net is none-driven or multi-driven. Please check the taget netlist.
RUN-1021 : The net(x1y59_auto_gnd) get connected pins failed, bacause the net is none-driven or multi-driven. Please check the taget netlist.
RUN-1021 : The net(x1y60_auto_gnd) get connected pins failed, bacause the net is none-driven or multi-driven. Please check the taget netlist.
RUN-1021 : The net(x1y61_auto_gnd) get connected pins failed, bacause the net is none-driven or multi-driven. Please check the taget netlist.
RUN-1021 : The net(x1y63_auto_gnd) get connected pins failed, bacause the net is none-driven or multi-driven. Please check the taget netlist.
RUN-1021 : The net(x1y64_auto_gnd) get connected pins failed, bacause the net is none-driven or multi-driven. Please check the taget netlist.
RUN-1021 : The net(x1y65_auto_gnd) get connected pins failed, bacause the net is none-driven or multi-driven. Please check the taget netlist.
RUN-1021 : The net(x1y66_auto_gnd) get connected pins failed, bacause the net is none-driven or multi-driven. Please check the taget netlist.
RUN-1021 : The net(x1y67_auto_gnd) get connected pins failed, bacause the net is none-driven or multi-driven. Please check the taget netlist.
RUN-1021 : The net(x1y68_auto_gnd) get connected pins failed, bacause the net is none-driven or multi-driven. Please check the taget netlist.
RUN-1021 : The net(x1y70_auto_gnd) get connected pins failed, bacause the net is none-driven or multi-driven. Please check the taget netlist.
RUN-1021 : The net(x1y72_auto_gnd) get connected pins failed, bacause the net is none-driven or multi-driven. Please check the taget netlist.
RUN-1021 : The net(x1y73_auto_gnd) get connected pins failed, bacause the net is none-driven or multi-driven. Please check the taget netlist.
RUN-1021 : The net(x1y74_auto_gnd) get connected pins failed, bacause the net is none-driven or multi-driven. Please check the taget netlist.
RUN-1021 : The net(x1y75_auto_gnd) get connected pins failed, bacause the net is none-driven or multi-driven. Please check the taget netlist.
RUN-1021 : The net(x1y76_auto_gnd) get connected pins failed, bacause the net is none-driven or multi-driven. Please check the taget netlist.
RUN-1021 : The net(x1y77_auto_gnd) get connected pins failed, bacause the net is none-driven or multi-driven. Please check the taget netlist.
RUN-1021 : The net(x2y21_auto_gnd) get connected pins failed, bacause the net is none-driven or multi-driven. Please check the taget netlist.
RUN-1021 : The net(x3y36_auto_gnd) get connected pins failed, bacause the net is none-driven or multi-driven. Please check the taget netlist.
RUN-1021 : The net(x5y0_auto_gnd) get connected pins failed, bacause the net is none-driven or multi-driven. Please check the taget netlist.
RUN-1021 : The net(x5y13_auto_gnd) get connected pins failed, bacause the net is none-driven or multi-driven. Please check the taget netlist.
RUN-1021 : The net(x5y14_auto_gnd) get connected pins failed, bacause the net is none-driven or multi-driven. Please check the taget netlist.
RUN-1021 : The net(x5y15_auto_gnd) get connected pins failed, bacause the net is none-driven or multi-driven. Please check the taget netlist.
RUN-1021 : The net(x5y16_auto_gnd) get connected pins failed, bacause the net is none-driven or multi-driven. Please check the taget netlist.
RUN-1021 : The net(x5y17_auto_gnd) get connected pins failed, bacause the net is none-driven or multi-driven. Please check the taget netlist.
RUN-1021 : The net(x5y18_auto_gnd) get connected pins failed, bacause the net is none-driven or multi-driven. Please check the taget netlist.
RUN-1021 : The net(x5y20_auto_gnd) get connected pins failed, bacause the net is none-driven or multi-driven. Please check the taget netlist.
RUN-1021 : The net(x5y21_auto_gnd) get connected pins failed, bacause the net is none-driven or multi-driven. Please check the taget netlist.
RUN-1021 : The net(x5y22_auto_gnd) get connected pins failed, bacause the net is none-driven or multi-driven. Please check the taget netlist.
RUN-1021 : The net(x5y23_auto_gnd) get connected pins failed, bacause the net is none-driven or multi-driven. Please check the taget netlist.
RUN-1021 : The net(x5y24_auto_gnd) get connected pins failed, bacause the net is none-driven or multi-driven. Please check the taget netlist.
RUN-1021 : The net(x5y25_auto_gnd) get connected pins failed, bacause the net is none-driven or multi-driven. Please check the taget netlist.
RUN-1021 : The net(x5y26_auto_gnd) get connected pins failed, bacause the net is none-driven or multi-driven. Please check the taget netlist.
RUN-1021 : The net(x5y27_auto_gnd) get connected pins failed, bacause the net is none-driven or multi-driven. Please check the taget netlist.
RUN-1021 : The net(x5y28_auto_gnd) get connected pins failed, bacause the net is none-driven or multi-driven. Please check the taget netlist.
RUN-1021 : The net(x5y29_auto_gnd) get connected pins failed, bacause the net is none-driven or multi-driven. Please check the taget netlist.
RUN-1021 : The net(x5y30_auto_gnd) get connected pins failed, bacause the net is none-driven or multi-driven. Please check the taget netlist.
RUN-1021 : The net(x5y31_auto_gnd) get connected pins failed, bacause the net is none-driven or multi-driven. Please check the taget netlist.
RUN-1021 : The net(x5y38_auto_gnd) get connected pins failed, bacause the net is none-driven or multi-driven. Please check the taget netlist.
RUN-1021 : The net(x5y39_auto_gnd) get connected pins failed, bacause the net is none-driven or multi-driven. Please check the taget netlist.
RUN-1021 : The net(x5y41_auto_gnd) get connected pins failed, bacause the net is none-driven or multi-driven. Please check the taget netlist.
RUN-1021 : The net(x5y42_auto_gnd) get connected pins failed, bacause the net is none-driven or multi-driven. Please check the taget netlist.
RUN-1021 : The net(x5y43_auto_gnd) get connected pins failed, bacause the net is none-driven or multi-driven. Please check the taget netlist.
RUN-1021 : The net(x5y44_auto_gnd) get connected pins failed, bacause the net is none-driven or multi-driven. Please check the taget netlist.
RUN-1021 : The net(x5y49_auto_gnd) get connected pins failed, bacause the net is none-driven or multi-driven. Please check the taget netlist.
RUN-1021 : The net(x5y50_auto_gnd) get connected pins failed, bacause the net is none-driven or multi-driven. Please check the taget netlist.
RUN-1021 : The net(x5y51_auto_gnd) get connected pins failed, bacause the net is none-driven or multi-driven. Please check the taget netlist.
RUN-1021 : The net(x5y52_auto_gnd) get connected pins failed, bacause the net is none-driven or multi-driven. Please check the taget netlist.
RUN-1021 : The net(x5y53_auto_gnd) get connected pins failed, bacause the net is none-driven or multi-driven. Please check the taget netlist.
RUN-1021 : The net(x5y54_auto_gnd) get connected pins failed, bacause the net is none-driven or multi-driven. Please check the taget netlist.
RUN-1021 : The net(x5y55_auto_gnd) get connected pins failed, bacause the net is none-driven or multi-driven. Please check the taget netlist.
RUN-1021 : The net(x7y9_auto_gnd) get connected pins failed, bacause the net is none-driven or multi-driven. Please check the taget netlist.
RUN-1021 : The net(x7y25_auto_gnd) get connected pins failed, bacause the net is none-driven or multi-driven. Please check the taget netlist.
RUN-1021 : The net(x7y33_auto_gnd) get connected pins failed, bacause the net is none-driven or multi-driven. Please check the taget netlist.
RUN-1021 : The net(x8y9_auto_gnd) get connected pins failed, bacause the net is none-driven or multi-driven. Please check the taget netlist.
RUN-1021 : The net(x8y25_auto_gnd) get connected pins failed, bacause the net is none-driven or multi-driven. Please check the taget netlist.
RUN-1021 : The net(x8y33_auto_gnd) get connected pins failed, bacause the net is none-driven or multi-driven. Please check the taget netlist.
RUN-1021 : The net(x9y1_auto_gnd) get connected pins failed, bacause the net is none-driven or multi-driven. Please check the taget netlist.
RUN-1021 : The net(x9y7_auto_gnd) get connected pins failed, bacause the net is none-driven or multi-driven. Please check the taget netlist.
RUN-1021 : The net(x9y8_auto_gnd) get connected pins failed, bacause the net is none-driven or multi-driven. Please check the taget netlist.
RUN-1021 : The net(x9y26_auto_gnd) get connected pins failed, bacause the net is none-driven or multi-driven. Please check the taget netlist.
RUN-1021 : The net(x9y28_auto_gnd) get connected pins failed, bacause the net is none-driven or multi-driven. Please check the taget netlist.
RUN-1021 : The net(x10y7_auto_gnd) get connected pins failed, bacause the net is none-driven or multi-driven. Please check the taget netlist.
RUN-1021 : The net(x11y11_auto_gnd) get connected pins failed, bacause the net is none-driven or multi-driven. Please check the taget netlist.
RUN-1021 : The net(x11y12_auto_gnd) get connected pins failed, bacause the net is none-driven or multi-driven. Please check the taget netlist.
RUN-1021 : The net(x14y9_auto_gnd) get connected pins failed, bacause the net is none-driven or multi-driven. Please check the taget netlist.
RUN-1021 : The net(x15y8_auto_gnd) get connected pins failed, bacause the net is none-driven or multi-driven. Please check the taget netlist.
RUN-1021 : The net(x21y5_auto_gnd) get connected pins failed, bacause the net is none-driven or multi-driven. Please check the taget netlist.
RUN-1021 : The net(x21y50_auto_gnd) get connected pins failed, bacause the net is none-driven or multi-driven. Please check the taget netlist.
RUN-1021 : The net(x23y38_auto_gnd) get connected pins failed, bacause the net is none-driven or multi-driven. Please check the taget netlist.
RUN-1021 : The net(x24y2_auto_gnd) get connected pins failed, bacause the net is none-driven or multi-driven. Please check the taget netlist.
RUN-1021 : The net(x24y3_auto_gnd) get connected pins failed, bacause the net is none-driven or multi-driven. Please check the taget netlist.
RUN-1021 : The net(x24y4_auto_gnd) get connected pins failed, bacause the net is none-driven or multi-driven. Please check the taget netlist.
RUN-1021 : The net(x24y5_auto_gnd) get connected pins failed, bacause the net is none-driven or multi-driven. Please check the taget netlist.
RUN-1021 : The net(x24y6_auto_gnd) get connected pins failed, bacause the net is none-driven or multi-driven. Please check the taget netlist.
RUN-1021 : The net(x24y7_auto_gnd) get connected pins failed, bacause the net is none-driven or multi-driven. Please check the taget netlist.
RUN-1021 : The net(x24y8_auto_gnd) get connected pins failed, bacause the net is none-driven or multi-driven. Please check the taget netlist.
RUN-1021 : The net(x24y9_auto_gnd) get connected pins failed, bacause the net is none-driven or multi-driven. Please check the taget netlist.
RUN-1021 : The net(x24y10_auto_gnd) get connected pins failed, bacause the net is none-driven or multi-driven. Please check the taget netlist.
RUN-1021 : The net(x24y11_auto_gnd) get connected pins failed, bacause the net is none-driven or multi-driven. Please check the taget netlist.
RUN-1021 : The net(x24y12_auto_gnd) get connected pins failed, bacause the net is none-driven or multi-driven. Please check the taget netlist.
RUN-1021 : The net(x24y13_auto_gnd) get connected pins failed, bacause the net is none-driven or multi-driven. Please check the taget netlist.
RUN-1021 : The net(x24y14_auto_gnd) get connected pins failed, bacause the net is none-driven or multi-driven. Please check the taget netlist.
RUN-1021 : The net(x24y15_auto_gnd) get connected pins failed, bacause the net is none-driven or multi-driven. Please check the taget netlist.
RUN-1021 : The net(x24y24_auto_gnd) get connected pins failed, bacause the net is none-driven or multi-driven. Please check the taget netlist.
RUN-1021 : The net(x24y25_auto_gnd) get connected pins failed, bacause the net is none-driven or multi-driven. Please check the taget netlist.
RUN-1021 : The net(x24y26_auto_gnd) get connected pins failed, bacause the net is none-driven or multi-driven. Please check the taget netlist.
RUN-1021 : The net(x24y27_auto_gnd) get connected pins failed, bacause the net is none-driven or multi-driven. Please check the taget netlist.
RUN-1021 : The net(x24y28_auto_gnd) get connected pins failed, bacause the net is none-driven or multi-driven. Please check the taget netlist.
RUN-1021 : The net(x24y29_auto_gnd) get connected pins failed, bacause the net is none-driven or multi-driven. Please check the taget netlist.
RUN-1021 : The net(x24y36_auto_gnd) get connected pins failed, bacause the net is none-driven or multi-driven. Please check the taget netlist.
RUN-1021 : The net(x24y37_auto_gnd) get connected pins failed, bacause the net is none-driven or multi-driven. Please check the taget netlist.
RUN-1021 : The net(x24y38_auto_gnd) get connected pins failed, bacause the net is none-driven or multi-driven. Please check the taget netlist.
RUN-1021 : The net(x24y39_auto_gnd) get connected pins failed, bacause the net is none-driven or multi-driven. Please check the taget netlist.
RUN-1021 : The net(x25y37_auto_gnd) get connected pins failed, bacause the net is none-driven or multi-driven. Please check the taget netlist.
RUN-1021 : The net(x25y39_auto_gnd) get connected pins failed, bacause the net is none-driven or multi-driven. Please check the taget netlist.
RUN-1021 : The net(x25y40_auto_gnd) get connected pins failed, bacause the net is none-driven or multi-driven. Please check the taget netlist.
RUN-1021 : The net(x25y41_auto_gnd) get connected pins failed, bacause the net is none-driven or multi-driven. Please check the taget netlist.
RUN-1021 : The net(x25y42_auto_gnd) get connected pins failed, bacause the net is none-driven or multi-driven. Please check the taget netlist.
RUN-1021 : The net(x25y45_auto_gnd) get connected pins failed, bacause the net is none-driven or multi-driven. Please check the taget netlist.
RUN-1021 : The net(x25y46_auto_gnd) get connected pins failed, bacause the net is none-driven or multi-driven. Please check the taget netlist.
RUN-1021 : The net(x25y47_auto_gnd) get connected pins failed, bacause the net is none-driven or multi-driven. Please check the taget netlist.
RUN-1021 : The net(x25y48_auto_gnd) get connected pins failed, bacause the net is none-driven or multi-driven. Please check the taget netlist.
RUN-1021 : The net(x25y50_auto_gnd) get connected pins failed, bacause the net is none-driven or multi-driven. Please check the taget netlist.
RUN-1021 : The net(x26y41_auto_gnd) get connected pins failed, bacause the net is none-driven or multi-driven. Please check the taget netlist.
RUN-1021 : The net(x26y46_auto_gnd) get connected pins failed, bacause the net is none-driven or multi-driven. Please check the taget netlist.
RUN-1021 : The net(x26y60_auto_gnd) get connected pins failed, bacause the net is none-driven or multi-driven. Please check the taget netlist.
RUN-1021 : The net(x27y41_auto_gnd) get connected pins failed, bacause the net is none-driven or multi-driven. Please check the taget netlist.
RUN-1021 : The net(x27y42_auto_gnd) get connected pins failed, bacause the net is none-driven or multi-driven. Please check the taget netlist.
RUN-1021 : The net(x27y43_auto_gnd) get connected pins failed, bacause the net is none-driven or multi-driven. Please check the taget netlist.
RUN-1021 : The net(x27y44_auto_gnd) get connected pins failed, bacause the net is none-driven or multi-driven. Please check the taget netlist.
RUN-1021 : The net(x27y45_auto_gnd) get connected pins failed, bacause the net is none-driven or multi-driven. Please check the taget netlist.
RUN-1021 : The net(x27y46_auto_gnd) get connected pins failed, bacause the net is none-driven or multi-driven. Please check the taget netlist.
RUN-1021 : The net(x27y47_auto_gnd) get connected pins failed, bacause the net is none-driven or multi-driven. Please check the taget netlist.
RUN-1021 : The net(x27y48_auto_gnd) get connected pins failed, bacause the net is none-driven or multi-driven. Please check the taget netlist.
RUN-1021 : The net(x27y49_auto_gnd) get connected pins failed, bacause the net is none-driven or multi-driven. Please check the taget netlist.
RUN-1021 : The net(x27y50_auto_gnd) get connected pins failed, bacause the net is none-driven or multi-driven. Please check the taget netlist.
RUN-1021 : The net(x27y52_auto_gnd) get connected pins failed, bacause the net is none-driven or multi-driven. Please check the taget netlist.
RUN-1021 : The net(x27y53_auto_gnd) get connected pins failed, bacause the net is none-driven or multi-driven. Please check the taget netlist.
RUN-1021 : The net(x27y54_auto_gnd) get connected pins failed, bacause the net is none-driven or multi-driven. Please check the taget netlist.
RUN-1021 : The net(x27y55_auto_gnd) get connected pins failed, bacause the net is none-driven or multi-driven. Please check the taget netlist.
RUN-1021 : The net(x27y56_auto_gnd) get connected pins failed, bacause the net is none-driven or multi-driven. Please check the taget netlist.
RUN-1021 : The net(x27y57_auto_gnd) get connected pins failed, bacause the net is none-driven or multi-driven. Please check the taget netlist.
RUN-1021 : The net(x27y58_auto_gnd) get connected pins failed, bacause the net is none-driven or multi-driven. Please check the taget netlist.
RUN-1021 : The net(x27y59_auto_gnd) get connected pins failed, bacause the net is none-driven or multi-driven. Please check the taget netlist.
RUN-1021 : The net(x28y40_auto_gnd) get connected pins failed, bacause the net is none-driven or multi-driven. Please check the taget netlist.
RUN-1021 : The net(x28y42_auto_gnd) get connected pins failed, bacause the net is none-driven or multi-driven. Please check the taget netlist.
RUN-1021 : The net(x28y43_auto_gnd) get connected pins failed, bacause the net is none-driven or multi-driven. Please check the taget netlist.
RUN-1021 : The net(x28y44_auto_gnd) get connected pins failed, bacause the net is none-driven or multi-driven. Please check the taget netlist.
RUN-1021 : The net(x28y45_auto_gnd) get connected pins failed, bacause the net is none-driven or multi-driven. Please check the taget netlist.
RUN-1021 : The net(x28y46_auto_gnd) get connected pins failed, bacause the net is none-driven or multi-driven. Please check the taget netlist.
RUN-1021 : The net(x28y47_auto_gnd) get connected pins failed, bacause the net is none-driven or multi-driven. Please check the taget netlist.
RUN-1021 : The net(x28y48_auto_gnd) get connected pins failed, bacause the net is none-driven or multi-driven. Please check the taget netlist.
RUN-1021 : The net(x28y49_auto_gnd) get connected pins failed, bacause the net is none-driven or multi-driven. Please check the taget netlist.
RUN-1021 : The net(x28y51_auto_gnd) get connected pins failed, bacause the net is none-driven or multi-driven. Please check the taget netlist.
RUN-1021 : The net(x28y52_auto_gnd) get connected pins failed, bacause the net is none-driven or multi-driven. Please check the taget netlist.
RUN-1021 : The net(x28y53_auto_gnd) get connected pins failed, bacause the net is none-driven or multi-driven. Please check the taget netlist.
RUN-1021 : The net(x28y54_auto_gnd) get connected pins failed, bacause the net is none-driven or multi-driven. Please check the taget netlist.
RUN-1021 : The net(x28y55_auto_gnd) get connected pins failed, bacause the net is none-driven or multi-driven. Please check the taget netlist.
RUN-1021 : The net(x28y56_auto_gnd) get connected pins failed, bacause the net is none-driven or multi-driven. Please check the taget netlist.
RUN-1021 : The net(x28y57_auto_gnd) get connected pins failed, bacause the net is none-driven or multi-driven. Please check the taget netlist.
RUN-1021 : The net(x28y58_auto_gnd) get connected pins failed, bacause the net is none-driven or multi-driven. Please check the taget netlist.
RUN-1021 : The net(x28y59_auto_gnd) get connected pins failed, bacause the net is none-driven or multi-driven. Please check the taget netlist.
RUN-1021 : The net(x29y72_auto_gnd) get connected pins failed, bacause the net is none-driven or multi-driven. Please check the taget netlist.
RUN-1021 : The net(x30y71_auto_gnd) get connected pins failed, bacause the net is none-driven or multi-driven. Please check the taget netlist.
RUN-1021 : The net(x30y73_auto_gnd) get connected pins failed, bacause the net is none-driven or multi-driven. Please check the taget netlist.
RUN-1021 : The net(x31y54_auto_gnd) get connected pins failed, bacause the net is none-driven or multi-driven. Please check the taget netlist.
RUN-1021 : The net(x31y71_auto_gnd) get connected pins failed, bacause the net is none-driven or multi-driven. Please check the taget netlist.
RUN-1021 : The net(x31y72_auto_gnd) get connected pins failed, bacause the net is none-driven or multi-driven. Please check the taget netlist.
RUN-1021 : The net(x31y74_auto_gnd) get connected pins failed, bacause the net is none-driven or multi-driven. Please check the taget netlist.
RUN-1021 : The net(x32y71_auto_gnd) get connected pins failed, bacause the net is none-driven or multi-driven. Please check the taget netlist.
RUN-1021 : The net(x32y72_auto_gnd) get connected pins failed, bacause the net is none-driven or multi-driven. Please check the taget netlist.
RUN-1021 : The net(x33y71_auto_gnd) get connected pins failed, bacause the net is none-driven or multi-driven. Please check the taget netlist.
RUN-1021 : The net(x34y66_auto_gnd) get connected pins failed, bacause the net is none-driven or multi-driven. Please check the taget netlist.
RUN-1021 : The net(x34y68_auto_gnd) get connected pins failed, bacause the net is none-driven or multi-driven. Please check the taget netlist.
RUN-1021 : The net(x35y3_auto_gnd) get connected pins failed, bacause the net is none-driven or multi-driven. Please check the taget netlist.
RUN-1021 : The net(x35y70_auto_gnd) get connected pins failed, bacause the net is none-driven or multi-driven. Please check the taget netlist.
RUN-1021 : The net(x36y4_auto_gnd) get connected pins failed, bacause the net is none-driven or multi-driven. Please check the taget netlist.
RUN-1021 : The net(x36y76_auto_gnd) get connected pins failed, bacause the net is none-driven or multi-driven. Please check the taget netlist.
RUN-1021 : The net(x38y68_auto_gnd) get connected pins failed, bacause the net is none-driven or multi-driven. Please check the taget netlist.
RUN-1021 : The net(x38y69_auto_gnd) get connected pins failed, bacause the net is none-driven or multi-driven. Please check the taget netlist.
RUN-1021 : The net(x38y70_auto_gnd) get connected pins failed, bacause the net is none-driven or multi-driven. Please check the taget netlist.
RUN-1021 : The net(x38y71_auto_gnd) get connected pins failed, bacause the net is none-driven or multi-driven. Please check the taget netlist.
RUN-1021 : The net(x38y76_auto_gnd) get connected pins failed, bacause the net is none-driven or multi-driven. Please check the taget netlist.
RUN-1021 : The net(x38y77_auto_gnd) get connected pins failed, bacause the net is none-driven or multi-driven. Please check the taget netlist.
RUN-1021 : The net(x39y4_auto_gnd) get connected pins failed, bacause the net is none-driven or multi-driven. Please check the taget netlist.
RUN-1021 : The net(x39y8_auto_gnd) get connected pins failed, bacause the net is none-driven or multi-driven. Please check the taget netlist.
RUN-1021 : The net(x40y3_auto_gnd) get connected pins failed, bacause the net is none-driven or multi-driven. Please check the taget netlist.
RUN-1021 : The net(x40y58_auto_gnd) get connected pins failed, bacause the net is none-driven or multi-driven. Please check the taget netlist.
RUN-1021 : The net(x41y5_auto_gnd) get connected pins failed, bacause the net is none-driven or multi-driven. Please check the taget netlist.
RUN-1021 : The net(x42y52_auto_gnd) get connected pins failed, bacause the net is none-driven or multi-driven. Please check the taget netlist.
RUN-1021 : The net(x42y55_auto_gnd) get connected pins failed, bacause the net is none-driven or multi-driven. Please check the taget netlist.
RUN-1021 : The net(x42y59_auto_gnd) get connected pins failed, bacause the net is none-driven or multi-driven. Please check the taget netlist.
RUN-1021 : The net(x42y60_auto_gnd) get connected pins failed, bacause the net is none-driven or multi-driven. Please check the taget netlist.
RUN-1021 : The net(x43y53_auto_gnd) get connected pins failed, bacause the net is none-driven or multi-driven. Please check the taget netlist.
RUN-1021 : The net(x43y56_auto_gnd) get connected pins failed, bacause the net is none-driven or multi-driven. Please check the taget netlist.
RUN-1021 : The net(x43y59_auto_gnd) get connected pins failed, bacause the net is none-driven or multi-driven. Please check the taget netlist.
RUN-1021 : The net(x43y60_auto_gnd) get connected pins failed, bacause the net is none-driven or multi-driven. Please check the taget netlist.
RUN-1021 : The net(x46y0_auto_gnd) get connected pins failed, bacause the net is none-driven or multi-driven. Please check the taget netlist.
RUN-1021 : The net(x46y2_auto_gnd) get connected pins failed, bacause the net is none-driven or multi-driven. Please check the taget netlist.
RUN-1021 : The net(x46y3_auto_gnd) get connected pins failed, bacause the net is none-driven or multi-driven. Please check the taget netlist.
RUN-1021 : The net(x46y5_auto_gnd) get connected pins failed, bacause the net is none-driven or multi-driven. Please check the taget netlist.
RUN-1021 : The net(x46y6_auto_gnd) get connected pins failed, bacause the net is none-driven or multi-driven. Please check the taget netlist.
RUN-1021 : The net(x46y9_auto_gnd) get connected pins failed, bacause the net is none-driven or multi-driven. Please check the taget netlist.
RUN-1021 : The net(x46y10_auto_gnd) get connected pins failed, bacause the net is none-driven or multi-driven. Please check the taget netlist.
RUN-1021 : The net(x46y11_auto_gnd) get connected pins failed, bacause the net is none-driven or multi-driven. Please check the taget netlist.
RUN-1021 : The net(x46y13_auto_gnd) get connected pins failed, bacause the net is none-driven or multi-driven. Please check the taget netlist.
RUN-1021 : The net(x46y14_auto_gnd) get connected pins failed, bacause the net is none-driven or multi-driven. Please check the taget netlist.
RUN-1021 : The net(x46y15_auto_gnd) get connected pins failed, bacause the net is none-driven or multi-driven. Please check the taget netlist.
RUN-1021 : The net(x46y16_auto_gnd) get connected pins failed, bacause the net is none-driven or multi-driven. Please check the taget netlist.
RUN-1021 : The net(x46y17_auto_gnd) get connected pins failed, bacause the net is none-driven or multi-driven. Please check the taget netlist.
RUN-1021 : The net(x46y19_auto_gnd) get connected pins failed, bacause the net is none-driven or multi-driven. Please check the taget netlist.
RUN-1021 : The net(x47y22_auto_gnd) get connected pins failed, bacause the net is none-driven or multi-driven. Please check the taget netlist.
RUN-1021 : The net(x47y23_auto_gnd) get connected pins failed, bacause the net is none-driven or multi-driven. Please check the taget netlist.
RUN-1021 : The net(x47y24_auto_gnd) get connected pins failed, bacause the net is none-driven or multi-driven. Please check the taget netlist.
RUN-1021 : The net(x47y25_auto_gnd) get connected pins failed, bacause the net is none-driven or multi-driven. Please check the taget netlist.
RUN-1021 : The net(x47y26_auto_gnd) get connected pins failed, bacause the net is none-driven or multi-driven. Please check the taget netlist.
RUN-1021 : The net(x47y27_auto_gnd) get connected pins failed, bacause the net is none-driven or multi-driven. Please check the taget netlist.
RUN-1021 : The net(x47y28_auto_gnd) get connected pins failed, bacause the net is none-driven or multi-driven. Please check the taget netlist.
RUN-1021 : The net(x47y34_auto_gnd) get connected pins failed, bacause the net is none-driven or multi-driven. Please check the taget netlist.
RUN-1021 : The net(x47y35_auto_gnd) get connected pins failed, bacause the net is none-driven or multi-driven. Please check the taget netlist.
PRJ-1412 : reset_run syn_1.
PRJ-1411 : launch_runs syn_1 -step opt_gate.
PRJ-1412 : reset_run phy_1.
PRJ-1410 : Run syn_1 success.
RUN-1002 : start command "save_best_bits"
RUN-1002 : start command "import_db D:/2026fpga/lab_hd_1_mipi_hdmi/td_project/camera_to_dsi_display_Runs/syn_1/camera_to_dsi_display_gate.db"
RUN-1001 : Importing database generated by Tang Dynasty, V6.2.168116.
RUN-1001 : Database version number 46207
RUN-1001 : Import flow parameters
RUN-1001 : Import netlist
RUN-1001 : Import timing constraints
RUN-1001 : Import IO constraints
RUN-1001 : Import Inst constraints
RUN-1001 : Import ChipWatcher
RUN-1001 : Import design success TD_VERSION=6.2.168116 , DB_VERSION=46207
RUN-1003 : finish command "import_db D:/2026fpga/lab_hd_1_mipi_hdmi/td_project/camera_to_dsi_display_Runs/syn_1/camera_to_dsi_display_gate.db" in  2.868496s wall, 1.765625s user + 1.062500s system = 2.828125s CPU (98.6%)

RUN-1004 : used memory is 420 MB, reserved memory is 877 MB, peak memory is 1460 MB
RUN-1002 : start command "config_chipwatcher"
RUN-1002 : start command "update_timing"
RUN-1002 : start command "start_timer"
USR-1002 : Derived clock:  create_generated_clock -name {u_PLL/ph1p_phy_pll_wrapper_25a56e5ce2f9_Inst/u_PH1P_PHY_PLL.clkc[0]} -source [get_ports {I_sys_clk}] -master_clock {sys_clk_50m} -multiply_by 2.0000 -duty_cycle 50.0000 [get_pins {u_PLL/ph1p_phy_pll_wrapper_25a56e5ce2f9_Inst/u_PH1P_PHY_PLL.clkc[0]}]
USR-1002 : Derived clock:  create_generated_clock -name {u_PLL/ph1p_phy_pll_wrapper_25a56e5ce2f9_Inst/u_PH1P_PHY_PLL.clkc[1]} -source [get_ports {I_sys_clk}] -master_clock {sys_clk_50m} -divide_by 2.1000 -duty_cycle 50.0000 [get_pins {u_PLL/ph1p_phy_pll_wrapper_25a56e5ce2f9_Inst/u_PH1P_PHY_PLL.clkc[1]}]
USR-1002 : Derived clock:  create_generated_clock -name {u_PLL/ph1p_phy_pll_wrapper_25a56e5ce2f9_Inst/u_PH1P_PHY_PLL.clkc[2]} -source [get_ports {I_sys_clk}] -master_clock {sys_clk_50m} -multiply_by 1.0000 -duty_cycle 50.0000 [get_pins {u_PLL/ph1p_phy_pll_wrapper_25a56e5ce2f9_Inst/u_PH1P_PHY_PLL.clkc[2]}]
USR-1002 : Derived clock:  create_generated_clock -name {u_PLL/ph1p_phy_pll_wrapper_25a56e5ce2f9_Inst/u_PH1P_PHY_PLL.clkc[3]} -source [get_ports {I_sys_clk}] -master_clock {sys_clk_50m} -multiply_by 6.0000 -duty_cycle 50.0000 [get_pins {u_PLL/ph1p_phy_pll_wrapper_25a56e5ce2f9_Inst/u_PH1P_PHY_PLL.clkc[3]}]
USR-1002 : Derived clock:  create_generated_clock -name {u_PLL/ph1p_phy_pll_wrapper_25a56e5ce2f9_Inst/u_PH1P_PHY_PLL.clkc[4]} -source [get_ports {I_sys_clk}] -master_clock {sys_clk_50m} -multiply_by 1.5000 -duty_cycle 50.0000 [get_pins {u_PLL/ph1p_phy_pll_wrapper_25a56e5ce2f9_Inst/u_PH1P_PHY_PLL.clkc[4]}]
USR-1002 : Derived clock:  create_generated_clock -name {u_PLL/ph1p_phy_pll_wrapper_25a56e5ce2f9_Inst/u_PH1P_PHY_PLL.clkc[5]} -source [get_ports {I_sys_clk}] -master_clock {sys_clk_50m} -multiply_by 7.5000 -duty_cycle 50.0000 [get_pins {u_PLL/ph1p_phy_pll_wrapper_25a56e5ce2f9_Inst/u_PH1P_PHY_PLL.clkc[5]}]
USR-1002 : Derived clock:  create_generated_clock -name {u_ph1p35_324_ddr_wrapper/u_ddr2/ph1p_ddrmc_wrapper/ph1p_ddrmc_top/u_ddr_phy/u_ddrphy_top/u_ddrphy_clk/u_pll0/u_pll_inst.clkc[0]} -source [get_ports {I_sys_clk}] -master_clock {sys_clk_50m} -multiply_by 1.3333 -duty_cycle 50.0000 [get_pins {u_ph1p35_324_ddr_wrapper/u_ddr2/ph1p_ddrmc_wrapper/ph1p_ddrmc_top/u_ddr_phy/u_ddrphy_top/u_ddrphy_clk/u_pll0/u_pll_inst.clkc[0]}]
USR-1002 : Derived clock:  create_generated_clock -name {u_ph1p35_324_ddr_wrapper/u_ddr2/ph1p_ddrmc_wrapper/ph1p_ddrmc_top/u_ddr_phy/u_ddrphy_top/u_ddrphy_clk/u_pll0/u_pll_inst.clkc[1]} -source [get_ports {I_sys_clk}] -master_clock {sys_clk_50m} -multiply_by 1.3333 -duty_cycle 50.0000 [get_pins {u_ph1p35_324_ddr_wrapper/u_ddr2/ph1p_ddrmc_wrapper/ph1p_ddrmc_top/u_ddr_phy/u_ddrphy_top/u_ddrphy_clk/u_pll0/u_pll_inst.clkc[1]}]
USR-1002 : Derived clock:  create_generated_clock -name {u_ph1p35_324_ddr_wrapper/u_ddr2/ph1p_ddrmc_wrapper/ph1p_ddrmc_top/u_ddr_phy/u_ddrphy_top/u_ddrphy_clk/u_pll0/u_pll_inst.clkc[2]} -source [get_ports {I_sys_clk}] -master_clock {sys_clk_50m} -multiply_by 5.3333 -duty_cycle 50.0000 [get_pins {u_ph1p35_324_ddr_wrapper/u_ddr2/ph1p_ddrmc_wrapper/ph1p_ddrmc_top/u_ddr_phy/u_ddrphy_top/u_ddrphy_clk/u_pll0/u_pll_inst.clkc[2]}]
USR-1002 : Derived clock:  create_generated_clock -name {u_ph1p35_324_ddr_wrapper/u_ddr2/ph1p_ddrmc_wrapper/ph1p_ddrmc_top/u_ddr_phy/u_ddrphy_top/u_ddrphy_clk/u_pll0/u_pll_inst.clkc[3]} -source [get_ports {I_sys_clk}] -master_clock {sys_clk_50m} -divide_by 1.9687 -duty_cycle 50.0000 [get_pins {u_ph1p35_324_ddr_wrapper/u_ddr2/ph1p_ddrmc_wrapper/ph1p_ddrmc_top/u_ddr_phy/u_ddrphy_top/u_ddrphy_clk/u_pll0/u_pll_inst.clkc[3]}]
USR-1002 : Derived clock:  create_generated_clock -name {u_ph1p35_324_ddr_wrapper/u_ddr2/ph1p_ddrmc_wrapper/ph1p_ddrmc_top/u_ddr_phy/u_ddrphy_top/u_ddrphy_clk/u_pll1/u_pll_inst.clkc[0]} -source [get_pins {u_ph1p35_324_ddr_wrapper/u_ddr2/ph1p_ddrmc_wrapper/ph1p_ddrmc_top/u_ddr_phy/u_ddrphy_top/u_ddrphy_clk/u_pll0/u_pll_inst.clkc[0]}] -master_clock {u_ph1p35_324_ddr_wrapper/u_ddr2/ph1p_ddrmc_wrapper/ph1p_ddrmc_top/u_ddr_phy/u_ddrphy_top/u_ddrphy_clk/u_pll0/u_pll_inst.clkc[0]} -multiply_by 1.0000 -duty_cycle 50.0000 [get_pins {u_ph1p35_324_ddr_wrapper/u_ddr2/ph1p_ddrmc_wrapper/ph1p_ddrmc_top/u_ddr_phy/u_ddrphy_top/u_ddrphy_clk/u_pll1/u_pll_inst.clkc[0]}]
8.888000
15.000000
15.000000
13.333000
RUN-1003 : finish command "start_timer" in  3.615050s wall, 3.328125s user + 0.531250s system = 3.859375s CPU (106.8%)

RUN-1004 : used memory is 805 MB, reserved memory is 1251 MB, peak memory is 1460 MB
TMR-2502 : Net delay update with mode: Synthesized
RUN-1003 : finish command "update_timing" in  5.957479s wall, 5.500000s user + 0.687500s system = 6.187500s CPU (103.9%)

RUN-1004 : used memory is 912 MB, reserved memory is 1357 MB, peak memory is 1460 MB
KIT-1004 : chipwatcher: sanity check successfully
KIT-1004 : Chipwatcher code = 1110101101001000
KIT-1004 : import watcher inst auto_created_cwc1 completed, there are 4 view node(s), 11 trigger net(s), 11 data net(s).
RUN-1003 : finish command "config_chipwatcher" in  6.729670s wall, 6.218750s user + 0.718750s system = 6.937500s CPU (103.1%)

RUN-1004 : used memory is 937 MB, reserved memory is 1383 MB, peak memory is 1460 MB
GUI-1001 : Config chip watcher succeed!
GUI-1001 : User opens ChipWatcher ...
RUN-1021 : The net(al_292) get connected pins failed, bacause the net is none-driven or multi-driven. Please check the taget netlist.
