============================================================
   Tang Dynasty, V6.2.168116
   Copyright (c) 2012-2025 Anlogic Inc.
   Executable = F:/AnlogicFpga/TD_6.2.1_Engineer_6.2.168.116/bin/td.exe
   Built at =   16:32:07 Jun 12 2025
   Run by =     pc
   Run Date =   Mon Sep 28 19:24:58 2026

   Run on =     CIRBUG
============================================================
RUN-1002 : start command "import_db D:/2026fpga/lab_hd_1_mipi_hdmi/td_project/camera_to_dsi_display_Runs/phy_1/camera_to_dsi_display_pr.db"
RUN-1001 : Importing database generated by Tang Dynasty, V6.2.168116.
RUN-1001 : Database version number 46207
RUN-1001 : Import flow parameters
RUN-1001 : Import netlist
RUN-1001 : Constructing routing connections ...
PHY-1001 : End build routing graph; 3.890714s wall, 10.453125s user + 0.906250s system = 11.359375s CPU (292.0%)

RUN-1001 : Import phy database
RUN-1001 : Import timing constraints
RUN-1001 : Import IO constraints
RUN-1001 : Import Inst constraints
RUN-1001 : Import ChipWatcher
RUN-1001 : Import design success TD_VERSION=6.2.168116 , DB_VERSION=46207
RUN-1003 : finish command "import_db D:/2026fpga/lab_hd_1_mipi_hdmi/td_project/camera_to_dsi_display_Runs/phy_1/camera_to_dsi_display_pr.db" in  6.102957s wall, 12.265625s user + 1.265625s system = 13.531250s CPU (221.7%)

RUN-1004 : used memory is 1148 MB, reserved memory is 1130 MB, peak memory is 1186 MB
