============================================================
   Tang Dynasty, V6.2.168116
   Copyright (c) 2012-2025 Anlogic Inc.
   Executable = F:/AnlogicFpga/TD_6.2.1_Engineer_6.2.168.116/bin/td.exe
   Built at =   16:32:07 Jun 12 2025
   Run by =     pc
   Run Date =   Tue Sep 15 00:21:00 2026

   Run on =     CIRBUG
============================================================
RUN-1002 : start command "import_db D:/2026fpga/lab_hd_1_mipi_hdmi/td_project/camera_to_dsi_display_Runs/phy_1/camera_to_dsi_display_pr.db"
RUN-1001 : Importing database generated by Tang Dynasty, V6.2.190657.
RUN-1001 : Database version number 46207
RUN-1001 : Import flow parameters
RUN-1001 : Import netlist
RUN-1001 : Constructing routing connections ...
PHY-1001 : End build routing graph; 3.834842s wall, 8.109375s user + 0.765625s system = 8.875000s CPU (231.4%)

RUN-1001 : Import phy database
RUN-1001 : Import timing constraints
RUN-1001 : Import IO constraints
RUN-1001 : Import Inst constraints
RUN-1001 : Import ChipWatcher
RUN-1001 : Import design success TD_VERSION=6.2.190657 , DB_VERSION=46207
RUN-1003 : finish command "import_db D:/2026fpga/lab_hd_1_mipi_hdmi/td_project/camera_to_dsi_display_Runs/phy_1/camera_to_dsi_display_pr.db" in  5.785490s wall, 9.718750s user + 1.015625s system = 10.734375s CPU (185.5%)

RUN-1004 : used memory is 1108 MB, reserved memory is 1054 MB, peak memory is 1145 MB
PRJ-1412 : reset_run syn_1 phy_1.
PRJ-1409 : launch_runs syn_1 phy_1  -jobs 6.
PRJ-1410 : Run syn_1 success.
PRJ-1410 : Run phy_1 success.
RUN-1002 : start command "save_best_bits"
PRJ-1424 : The implemented result of phy_1 is saved as best result.
RUN-1002 : start command "import_db D:/2026fpga/lab_hd_1_mipi_hdmi/td_project/camera_to_dsi_display_Runs/phy_1/camera_to_dsi_display_pr.db"
RUN-1001 : Importing database generated by Tang Dynasty, V6.2.168116.
RUN-1001 : Database version number 46207
RUN-1001 : Import flow parameters
RUN-1001 : Import netlist
RUN-1001 : Constructing routing connections ...
PHY-1001 : End build routing graph; 2.032560s wall, 7.046875s user + 0.093750s system = 7.140625s CPU (351.3%)

RUN-1001 : Import phy database
RUN-1001 : Import timing constraints
RUN-1001 : Import IO constraints
RUN-1001 : Import Inst constraints
RUN-1001 : Import ChipWatcher
RUN-1001 : Import design success TD_VERSION=6.2.168116 , DB_VERSION=46207
RUN-1003 : finish command "import_db D:/2026fpga/lab_hd_1_mipi_hdmi/td_project/camera_to_dsi_display_Runs/phy_1/camera_to_dsi_display_pr.db" in  4.981322s wall, 9.515625s user + 0.500000s system = 10.015625s CPU (201.1%)

RUN-1004 : used memory is 1146 MB, reserved memory is 1093 MB, peak memory is 1292 MB
